Using pre-set license
Built from '2022.3/staging' branch; Version is '2022.3.37f1 (340ba89e4c23) revision 3410856'; Using compiler version '192829333'; Build Type 'Release'
OS: 'Windows 11  (10.0.26100) 64bit CoreSingleLanguage' Language: 'en' Physical Memory: 16068 MB
BatchMode: 1, IsHumanControllingUs: 0, StartBugReporterOnCrash: 0, Is64bit: 1, IsPro: 1

COMMAND LINE ARGUMENTS:
C:\Unity\2022.3.37f1\Editor\Unity.exe
-adb2
-batchMode
-noUpm
-name
AssetImportWorker2
-projectPath
C:/HThuan/ASM_3D
-logFile
Logs/AssetImportWorker2.log
-srvPort
51795
Successfully changed project path to: C:/HThuan/ASM_3D
C:/HThuan/ASM_3D
[UnityMemory] Configuration Parameters - Can be set up in boot.config
    "memorysetup-bucket-allocator-granularity=16"
    "memorysetup-bucket-allocator-bucket-count=8"
    "memorysetup-bucket-allocator-block-size=33554432"
    "memorysetup-bucket-allocator-block-count=8"
    "memorysetup-main-allocator-block-size=16777216"
    "memorysetup-thread-allocator-block-size=16777216"
    "memorysetup-gfx-main-allocator-block-size=16777216"
    "memorysetup-gfx-thread-allocator-block-size=16777216"
    "memorysetup-cache-allocator-block-size=4194304"
    "memorysetup-typetree-allocator-block-size=2097152"
    "memorysetup-profiler-bucket-allocator-granularity=16"
    "memorysetup-profiler-bucket-allocator-bucket-count=8"
    "memorysetup-profiler-bucket-allocator-block-size=33554432"
    "memorysetup-profiler-bucket-allocator-block-count=8"
    "memorysetup-profiler-allocator-block-size=16777216"
    "memorysetup-profiler-editor-allocator-block-size=1048576"
    "memorysetup-temp-allocator-size-main=16777216"
    "memorysetup-job-temp-allocator-block-size=2097152"
    "memorysetup-job-temp-allocator-block-size-background=1048576"
    "memorysetup-job-temp-allocator-reduction-small-platforms=262144"
    "memorysetup-allocator-temp-initial-block-size-main=262144"
    "memorysetup-allocator-temp-initial-block-size-worker=262144"
    "memorysetup-temp-allocator-size-background-worker=32768"
    "memorysetup-temp-allocator-size-job-worker=262144"
    "memorysetup-temp-allocator-size-preload-manager=33554432"
    "memorysetup-temp-allocator-size-nav-mesh-worker=65536"
    "memorysetup-temp-allocator-size-audio-worker=65536"
    "memorysetup-temp-allocator-size-cloud-worker=32768"
    "memorysetup-temp-allocator-size-gi-baking-worker=262144"
    "memorysetup-temp-allocator-size-gfx=262144"
Player connection [28268] Host "[IP] 172.16.72.4 [Port] 0 [Flags] 2 [Guid] 171180021 [EditorId] 171180021 [Version] 1048832 [Id] WindowsEditor(7,Thuan) [Debug] 1 [PackageName] WindowsEditor [ProjectName] Editor" joined multi-casting on [225.0.0.222:54997]...

Player connection [28268] Host "[IP] 172.16.72.4 [Port] 0 [Flags] 2 [Guid] 171180021 [EditorId] 171180021 [Version] 1048832 [Id] WindowsEditor(7,Thuan) [Debug] 1 [PackageName] WindowsEditor [ProjectName] Editor" joined alternative multi-casting on [225.0.0.222:34997]...

[PhysX] Initialized MultithreadedTaskDispatcher with 16 workers.
Refreshing native plugins compatible for Editor in 6.79 ms, found 3 plugins.
Preloading 0 native plugins for Editor in 0.00 ms.
Initialize engine version: 2022.3.37f1 (340ba89e4c23)
[Subsystems] Discovering subsystems at path C:/Unity/2022.3.37f1/Editor/Data/Resources/UnitySubsystems
[Subsystems] Discovering subsystems at path C:/HThuan/ASM_3D/Assets
GfxDevice: creating device client; threaded=0; jobified=0
Direct3D:
    Version:  Direct3D 11.0 [level 11.1]
    Renderer: NVIDIA GeForce RTX 2050 (ID=0x25a9)
    Vendor:   NVIDIA
    VRAM:     3965 MB
    Driver:   32.0.15.6641
Initialize mono
Mono path[0] = 'C:/Unity/2022.3.37f1/Editor/Data/Managed'
Mono path[1] = 'C:/Unity/2022.3.37f1/Editor/Data/MonoBleedingEdge/lib/mono/unityjit-win32'
Mono config path = 'C:/Unity/2022.3.37f1/Editor/Data/MonoBleedingEdge/etc'
Using monoOptions --debugger-agent=transport=dt_socket,embedding=1,server=y,suspend=n,address=127.0.0.1:56860
Begin MonoManager ReloadAssembly
Registering precompiled unity dll's ...
Register platform support module: C:/Unity/2022.3.37f1/Editor/Data/PlaybackEngines/WindowsStandaloneSupport/UnityEditor.WindowsStandalone.Extensions.dll
Registered in 0.003781 seconds.
- Loaded All Assemblies, in  0.246 seconds
Native extension for WindowsStandalone target not found
Mono: successfully reloaded assembly
- Finished resetting the current domain, in  0.256 seconds
Domain Reload Profiling: 501ms
	BeginReloadAssembly (77ms)
		ExecutionOrderSort (0ms)
		DisableScriptedObjects (0ms)
		BackupInstance (0ms)
		ReleaseScriptingObjects (0ms)
		CreateAndSetChildDomain (1ms)
	RebuildCommonClasses (24ms)
	RebuildNativeTypeToScriptingClass (7ms)
	initialDomainReloadingComplete (39ms)
	LoadAllAssembliesAndSetupDomain (97ms)
		LoadAssemblies (76ms)
		RebuildTransferFunctionScriptingTraits (0ms)
		AnalyzeDomain (95ms)
			TypeCache.Refresh (94ms)
				TypeCache.ScanAssembly (84ms)
			ScanForSourceGeneratedMonoScriptInfo (0ms)
			ResolveRequiredComponents (0ms)
	FinalizeReload (256ms)
		ReleaseScriptCaches (0ms)
		RebuildScriptCaches (0ms)
		SetupLoadedEditorAssemblies (204ms)
			LogAssemblyErrors (0ms)
			InitializePlatformSupportModulesInManaged (7ms)
			SetLoadedEditorAssemblies (7ms)
			RefreshPlugins (0ms)
			BeforeProcessingInitializeOnLoad (2ms)
			ProcessInitializeOnLoadAttributes (142ms)
			ProcessInitializeOnLoadMethodAttributes (47ms)
			AfterProcessingInitializeOnLoad (0ms)
			EditorAssembliesLoaded (0ms)
		ExecutionOrderSort2 (0ms)
		AwakeInstancesAfterBackupRestoration (0ms)
========================================================================
Worker process is ready to serve import requests
Begin MonoManager ReloadAssembly
- Loaded All Assemblies, in  0.462 seconds
Refreshing native plugins compatible for Editor in 2.52 ms, found 3 plugins.
Native extension for WindowsStandalone target not found
Mono: successfully reloaded assembly
- Finished resetting the current domain, in  0.411 seconds
Domain Reload Profiling: 871ms
	BeginReloadAssembly (99ms)
		ExecutionOrderSort (0ms)
		DisableScriptedObjects (3ms)
		BackupInstance (0ms)
		ReleaseScriptingObjects (0ms)
		CreateAndSetChildDomain (16ms)
	RebuildCommonClasses (23ms)
	RebuildNativeTypeToScriptingClass (7ms)
	initialDomainReloadingComplete (30ms)
	LoadAllAssembliesAndSetupDomain (301ms)
		LoadAssemblies (223ms)
		RebuildTransferFunctionScriptingTraits (0ms)
		AnalyzeDomain (134ms)
			TypeCache.Refresh (117ms)
				TypeCache.ScanAssembly (106ms)
			ScanForSourceGeneratedMonoScriptInfo (11ms)
			ResolveRequiredComponents (4ms)
	FinalizeReload (411ms)
		ReleaseScriptCaches (0ms)
		RebuildScriptCaches (0ms)
		SetupLoadedEditorAssemblies (304ms)
			LogAssemblyErrors (0ms)
			InitializePlatformSupportModulesInManaged (4ms)
			SetLoadedEditorAssemblies (2ms)
			RefreshPlugins (0ms)
			BeforeProcessingInitializeOnLoad (44ms)
			ProcessInitializeOnLoadAttributes (231ms)
			ProcessInitializeOnLoadMethodAttributes (17ms)
			AfterProcessingInitializeOnLoad (4ms)
			EditorAssembliesLoaded (0ms)
		ExecutionOrderSort2 (0ms)
		AwakeInstancesAfterBackupRestoration (6ms)
Launched and connected shader compiler UnityShaderCompiler.exe after 0.04 seconds
Refreshing native plugins compatible for Editor in 2.36 ms, found 3 plugins.
Preloading 0 native plugins for Editor in 0.00 ms.
Unloading 3226 Unused Serialized files (Serialized files now loaded: 0)
Unloading 34 unused Assets / (57.7 KB). Loaded Objects now: 3711.
Memory consumption went from 139.5 MB to 139.5 MB.
Total: 2.793800 ms (FindLiveObjects: 0.176500 ms CreateObjectMapping: 0.078600 ms MarkObjects: 2.446200 ms  DeleteObjects: 0.091500 ms)

AssetImportParameters requested are different than current active one (requested -> active):
  custom:container-demuxer-ogg: 62fdf1f143b41e24485cea50d1cbac27 -> 
  custom:video-codec-MediaFoundation-h265: 746d11721c4dcdbdad8f713fa42b33f4 -> 
  custom:video-decoder-ogg-theora: a1e56fd34408186e4bbccfd4996cb3dc -> 
  custom:framework-win-MediaFoundation: 216162199b28c13a410421893ffa2e32 -> 
  custom:CustomObjectIndexerAttribute: 9a22284fe3817be447336de3de66b15e -> 
  custom:container-demuxer-webm: 4f35f7cbe854078d1ac9338744f61a02 -> 
  custom:container-muxer-webm: aa71ff27fc2769a1b78a27578f13a17b -> 
  custom:video-decoder-webm-vp8: 9c59270c3fd7afecdb556c50c9e8de78 -> 
  custom:SearchIndexIgnoredProperties: e643bd26f0fe6173181afceb89e7c659 -> 
  custom:AudioImporter_EditorPlatform: d09bf68614088b80899f8185d706f6e7 -> 
  custom:video-encoder-webm-vp8: eb34c28f22e8b96e1ab97ce403110664 -> 
  custom:audio-decoder-ogg-vorbis: bf7c407c2cedff20999df2af8eb42d56 -> 
  custom:audio-encoder-webm-vorbis: bf7c407c2cedff20999df2af8eb42d56 -> 
========================================================================
Received Import Request.
  Time since last request: 6743.070037 seconds.
  path: Assets/Scene/pexels-jakkel-418831.jpg
  artifactKey: Guid(8c371bd8e01fb7147b99986f99e5fef6) Importer(815301076,1909f56bfc062723c751e8b465ee728b)
Start importing Assets/Scene/pexels-jakkel-418831.jpg using Guid(8c371bd8e01fb7147b99986f99e5fef6) Importer(815301076,1909f56bfc062723c751e8b465ee728b) [PhysX] Initialized MultithreadedTaskDispatcher with 16 workers.
[PhysX] Initialized MultithreadedTaskDispatcher with 16 workers.
 -> (artifact id: 'fcdd69fe57d0758033bbb121c9156c6f') in 0.144148 seconds
Number of updated asset objects reloaded before import = 0
Number of asset objects unloaded after import = 3
========================================================================
Received Import Request.
  Time since last request: 2.409456 seconds.
  path: Assets/Scene/Game.unity
  artifactKey: Guid(1074a893a8afa9e4d918a39c23accaa1) Importer(815301076,1909f56bfc062723c751e8b465ee728b)
Start importing Assets/Scene/Game.unity using Guid(1074a893a8afa9e4d918a39c23accaa1) Importer(815301076,1909f56bfc062723c751e8b465ee728b) [PhysX] Initialized MultithreadedTaskDispatcher with 16 workers.
 -> (artifact id: '3e6f2941e5b46e8528bf2bc6294e1e73') in 0.000727 seconds
Number of updated asset objects reloaded before import = 0
Number of asset objects unloaded after import = 0
========================================================================
Received Import Request.
  Time since last request: 5.468571 seconds.
  path: Assets/Scene/GameOver.unity
  artifactKey: Guid(53e8de51d1095f64f8ad60d6b61ebbb9) Importer(815301076,1909f56bfc062723c751e8b465ee728b)
Start importing Assets/Scene/GameOver.unity using Guid(53e8de51d1095f64f8ad60d6b61ebbb9) Importer(815301076,1909f56bfc062723c751e8b465ee728b) [PhysX] Initialized MultithreadedTaskDispatcher with 16 workers.
 -> (artifact id: '477c96866ec0f71d6df71b9feeaf4ba6') in 0.000507 seconds
Number of updated asset objects reloaded before import = 0
Number of asset objects unloaded after import = 0
========================================================================
Received Import Request.
  Time since last request: 1.145470 seconds.
  path: Assets/Scene/Main Menu.unity
  artifactKey: Guid(9a409d3529fc5bf488423e3596aa7772) Importer(815301076,1909f56bfc062723c751e8b465ee728b)
Start importing Assets/Scene/Main Menu.unity using Guid(9a409d3529fc5bf488423e3596aa7772) Importer(815301076,1909f56bfc062723c751e8b465ee728b) [PhysX] Initialized MultithreadedTaskDispatcher with 16 workers.
 -> (artifact id: '389f2ff3530cc9d505eac2625eb4d5ee') in 0.000760 seconds
Number of updated asset objects reloaded before import = 0
Number of asset objects unloaded after import = 0
========================================================================
Received Import Request.
  Time since last request: 1.408708 seconds.
  path: Assets/Scene/Menu.unity
  artifactKey: Guid(b6f2817f0132ae3479c7e4bb1b9fae17) Importer(815301076,1909f56bfc062723c751e8b465ee728b)
Start importing Assets/Scene/Menu.unity using Guid(b6f2817f0132ae3479c7e4bb1b9fae17) Importer(815301076,1909f56bfc062723c751e8b465ee728b) [PhysX] Initialized MultithreadedTaskDispatcher with 16 workers.
 -> (artifact id: '40f280fce0915bbecb82d0e7eedb05a3') in 0.000475 seconds
Number of updated asset objects reloaded before import = 0
Number of asset objects unloaded after import = 0
========================================================================
Received Import Request.
  Time since last request: 6.357186 seconds.
  path: Assets/Scene/Scene Menu.unity
  artifactKey: Guid(56aca9424a1e68941807b8ebb659d68c) Importer(815301076,1909f56bfc062723c751e8b465ee728b)
Start importing Assets/Scene/Scene Menu.unity using Guid(56aca9424a1e68941807b8ebb659d68c) Importer(815301076,1909f56bfc062723c751e8b465ee728b) [PhysX] Initialized MultithreadedTaskDispatcher with 16 workers.
 -> (artifact id: '97b6f3d84c678e9188bffbe3f5ecb32c') in 0.000627 seconds
Number of updated asset objects reloaded before import = 0
Number of asset objects unloaded after import = 0
========================================================================
Received Import Request.
  Time since last request: 0.864847 seconds.
  path: Assets/Scene/Scene UI.unity
  artifactKey: Guid(b079f912b550f7b4fae5e8665b2db39c) Importer(815301076,1909f56bfc062723c751e8b465ee728b)
Start importing Assets/Scene/Scene UI.unity using Guid(b079f912b550f7b4fae5e8665b2db39c) Importer(815301076,1909f56bfc062723c751e8b465ee728b) [PhysX] Initialized MultithreadedTaskDispatcher with 16 workers.
 -> (artifact id: 'e51bcaf45bac768913317670ecfca361') in 0.000468 seconds
Number of updated asset objects reloaded before import = 0
Number of asset objects unloaded after import = 0
========================================================================
Received Import Request.
  Time since last request: 4.677185 seconds.
  path: Assets/Scene/Scene Menu.unity
  artifactKey: Guid(56aca9424a1e68941807b8ebb659d68c) Importer(815301076,1909f56bfc062723c751e8b465ee728b)
Start importing Assets/Scene/Scene Menu.unity using Guid(56aca9424a1e68941807b8ebb659d68c) Importer(815301076,1909f56bfc062723c751e8b465ee728b) [PhysX] Initialized MultithreadedTaskDispatcher with 16 workers.
 -> (artifact id: '22ea5a8d8897ae8f0890d49dd1b9a169') in 0.000468 seconds
Number of updated asset objects reloaded before import = 0
Number of asset objects unloaded after import = 0
========================================================================
Received Import Request.
  Time since last request: 130.912348 seconds.
  path: Assets/Pandazole_Ultimate_Pack/Pandazole Survival Crafting Pack/Models/Arrow_01.fbx
  artifactKey: Guid(55af97bf695b8494fa3e0479299bf3f1) Importer(815301076,1909f56bfc062723c751e8b465ee728b)
Start importing Assets/Pandazole_Ultimate_Pack/Pandazole Survival Crafting Pack/Models/Arrow_01.fbx using Guid(55af97bf695b8494fa3e0479299bf3f1) Importer(815301076,1909f56bfc062723c751e8b465ee728b) [PhysX] Initialized MultithreadedTaskDispatcher with 16 workers.
[PhysX] Initialized MultithreadedTaskDispatcher with 16 workers.
[PhysX] Initialized MultithreadedTaskDispatcher with 16 workers.
 -> (artifact id: 'b4e66072c014eed61b4407982903e0c8') in 0.116920 seconds
Number of updated asset objects reloaded before import = 0
Number of asset objects unloaded after import = 9
========================================================================
Received Import Request.
  Time since last request: 0.000028 seconds.
  path: Assets/Pandazole_Ultimate_Pack/Pandazole Survival Crafting Pack/Models/Battery_02.fbx
  artifactKey: Guid(23c98b7542a73084c80ea237524a28fb) Importer(815301076,1909f56bfc062723c751e8b465ee728b)
Start importing Assets/Pandazole_Ultimate_Pack/Pandazole Survival Crafting Pack/Models/Battery_02.fbx using Guid(23c98b7542a73084c80ea237524a28fb) Importer(815301076,1909f56bfc062723c751e8b465ee728b) [PhysX] Initialized MultithreadedTaskDispatcher with 16 workers.
[PhysX] Initialized MultithreadedTaskDispatcher with 16 workers.
[PhysX] Initialized MultithreadedTaskDispatcher with 16 workers.
 -> (artifact id: 'f169219c75d89060cb6e2ce4f67b49ac') in 0.040832 seconds
Number of updated asset objects reloaded before import = 0
Number of asset objects unloaded after import = 9
========================================================================
Received Import Request.
  Time since last request: 0.000043 seconds.
  path: Assets/Pandazole_Ultimate_Pack/Pandazole Survival Crafting Pack/Models/Coin_01.fbx
  artifactKey: Guid(bfd6165ce63e47548aa05d29ec1bf2fb) Importer(815301076,1909f56bfc062723c751e8b465ee728b)
Start importing Assets/Pandazole_Ultimate_Pack/Pandazole Survival Crafting Pack/Models/Coin_01.fbx using Guid(bfd6165ce63e47548aa05d29ec1bf2fb) Importer(815301076,1909f56bfc062723c751e8b465ee728b) [PhysX] Initialized MultithreadedTaskDispatcher with 16 workers.
[PhysX] Initialized MultithreadedTaskDispatcher with 16 workers.
[PhysX] Initialized MultithreadedTaskDispatcher with 16 workers.
 -> (artifact id: '54d49e0b3957187faeee55305c15f26f') in 0.066824 seconds
Number of updated asset objects reloaded before import = 0
Number of asset objects unloaded after import = 9
========================================================================
Received Import Request.
  Time since last request: 0.000027 seconds.
  path: Assets/Pandazole_Ultimate_Pack/Pandazole Survival Crafting Pack/Models/Coffin.fbx
  artifactKey: Guid(387774b1ecc0f3d4c9322e1f6affa83f) Importer(815301076,1909f56bfc062723c751e8b465ee728b)
Start importing Assets/Pandazole_Ultimate_Pack/Pandazole Survival Crafting Pack/Models/Coffin.fbx using Guid(387774b1ecc0f3d4c9322e1f6affa83f) Importer(815301076,1909f56bfc062723c751e8b465ee728b) [PhysX] Initialized MultithreadedTaskDispatcher with 16 workers.
[PhysX] Initialized MultithreadedTaskDispatcher with 16 workers.
[PhysX] Initialized MultithreadedTaskDispatcher with 16 workers.
[PhysX] Initialized MultithreadedTaskDispatcher with 16 workers.
[PhysX] Initialized MultithreadedTaskDispatcher with 16 workers.
 -> (artifact id: '94d65f6797460bf313e9e05be84bc0a5') in 0.041925 seconds
Number of updated asset objects reloaded before import = 0
Number of asset objects unloaded after import = 14
========================================================================
Received Import Request.
  Time since last request: 0.000029 seconds.
  path: Assets/Pandazole_Ultimate_Pack/Pandazole Survival Crafting Pack/Models/BoneKnife.fbx
  artifactKey: Guid(8f7b3a26e6babfa438455e8f4095034f) Importer(815301076,1909f56bfc062723c751e8b465ee728b)
Start importing Assets/Pandazole_Ultimate_Pack/Pandazole Survival Crafting Pack/Models/BoneKnife.fbx using Guid(8f7b3a26e6babfa438455e8f4095034f) Importer(815301076,1909f56bfc062723c751e8b465ee728b) [PhysX] Initialized MultithreadedTaskDispatcher with 16 workers.
[PhysX] Initialized MultithreadedTaskDispatcher with 16 workers.
[PhysX] Initialized MultithreadedTaskDispatcher with 16 workers.
 -> (artifact id: 'cb68b2d5035add2470ebbb077f00e167') in 0.029632 seconds
Number of updated asset objects reloaded before import = 0
Number of asset objects unloaded after import = 9
========================================================================
Received Import Request.
  Time since last request: 0.000033 seconds.
  path: Assets/Pandazole_Ultimate_Pack/Pandazole Survival Crafting Pack/Models/BoneArrow.fbx
  artifactKey: Guid(0fa8b4606e3e8b047a02155ea4f47463) Importer(815301076,1909f56bfc062723c751e8b465ee728b)
Start importing Assets/Pandazole_Ultimate_Pack/Pandazole Survival Crafting Pack/Models/BoneArrow.fbx using Guid(0fa8b4606e3e8b047a02155ea4f47463) Importer(815301076,1909f56bfc062723c751e8b465ee728b) [PhysX] Initialized MultithreadedTaskDispatcher with 16 workers.
[PhysX] Initialized MultithreadedTaskDispatcher with 16 workers.
[PhysX] Initialized MultithreadedTaskDispatcher with 16 workers.
 -> (artifact id: '70a935faaa3dda872db94e028691843b') in 0.025489 seconds
Number of updated asset objects reloaded before import = 0
Number of asset objects unloaded after import = 9
========================================================================
Received Import Request.
  Time since last request: 0.000025 seconds.
  path: Assets/Pandazole_Ultimate_Pack/Pandazole Survival Crafting Pack/Models/Bone.fbx
  artifactKey: Guid(b162f02519691d34fb7b7ca98996c76c) Importer(815301076,1909f56bfc062723c751e8b465ee728b)
Start importing Assets/Pandazole_Ultimate_Pack/Pandazole Survival Crafting Pack/Models/Bone.fbx using Guid(b162f02519691d34fb7b7ca98996c76c) Importer(815301076,1909f56bfc062723c751e8b465ee728b) [PhysX] Initialized MultithreadedTaskDispatcher with 16 workers.
[PhysX] Initialized MultithreadedTaskDispatcher with 16 workers.
[PhysX] Initialized MultithreadedTaskDispatcher with 16 workers.
 -> (artifact id: 'e5ac11b4ab5c2d50c3d11253898e1e3e') in 0.033288 seconds
Number of updated asset objects reloaded before import = 0
Number of asset objects unloaded after import = 9
========================================================================
Received Import Request.
  Time since last request: 0.000025 seconds.
  path: Assets/Pandazole_Ultimate_Pack/Pandazole Survival Crafting Pack/Models/CannedFood_05.fbx
  artifactKey: Guid(fe5f213c7e722fd46820ae14b9b34c93) Importer(815301076,1909f56bfc062723c751e8b465ee728b)
Start importing Assets/Pandazole_Ultimate_Pack/Pandazole Survival Crafting Pack/Models/CannedFood_05.fbx using Guid(fe5f213c7e722fd46820ae14b9b34c93) Importer(815301076,1909f56bfc062723c751e8b465ee728b) [PhysX] Initialized MultithreadedTaskDispatcher with 16 workers.
[PhysX] Initialized MultithreadedTaskDispatcher with 16 workers.
[PhysX] Initialized MultithreadedTaskDispatcher with 16 workers.
 -> (artifact id: '11d2d2b0035664f685f473d34ebf10ed') in 0.029000 seconds
Number of updated asset objects reloaded before import = 0
Number of asset objects unloaded after import = 9
========================================================================
Received Import Request.
  Time since last request: 0.000041 seconds.
  path: Assets/Pandazole_Ultimate_Pack/Pandazole Survival Crafting Pack/Models/BaseballBat_01.fbx
  artifactKey: Guid(d047bd38b34647e40be098d0a1325be6) Importer(815301076,1909f56bfc062723c751e8b465ee728b)
Start importing Assets/Pandazole_Ultimate_Pack/Pandazole Survival Crafting Pack/Models/BaseballBat_01.fbx using Guid(d047bd38b34647e40be098d0a1325be6) Importer(815301076,1909f56bfc062723c751e8b465ee728b) [PhysX] Initialized MultithreadedTaskDispatcher with 16 workers.
[PhysX] Initialized MultithreadedTaskDispatcher with 16 workers.
[PhysX] Initialized MultithreadedTaskDispatcher with 16 workers.
 -> (artifact id: '80c3a0d8a142ec41137ffec5ad896b4b') in 0.032206 seconds
Number of updated asset objects reloaded before import = 0
Number of asset objects unloaded after import = 9
========================================================================
Received Import Request.
  Time since last request: 0.000046 seconds.
  path: Assets/Pandazole_Ultimate_Pack/Pandazole Survival Crafting Pack/Models/Arrow_03.fbx
  artifactKey: Guid(2a487175b2867694aa0f887af06f3666) Importer(815301076,1909f56bfc062723c751e8b465ee728b)
Start importing Assets/Pandazole_Ultimate_Pack/Pandazole Survival Crafting Pack/Models/Arrow_03.fbx using Guid(2a487175b2867694aa0f887af06f3666) Importer(815301076,1909f56bfc062723c751e8b465ee728b) [PhysX] Initialized MultithreadedTaskDispatcher with 16 workers.
[PhysX] Initialized MultithreadedTaskDispatcher with 16 workers.
[PhysX] Initialized MultithreadedTaskDispatcher with 16 workers.
 -> (artifact id: 'dae7046016567ac28fecdc6a809bbd02') in 0.030553 seconds
Number of updated asset objects reloaded before import = 0
Number of asset objects unloaded after import = 9
========================================================================
Received Import Request.
  Time since last request: 0.000316 seconds.
  path: Assets/Pandazole_Ultimate_Pack/Pandazole Survival Crafting Pack/Models/BagBed_02.fbx
  artifactKey: Guid(a44169c7b990701448a26400a116669e) Importer(815301076,1909f56bfc062723c751e8b465ee728b)
Start importing Assets/Pandazole_Ultimate_Pack/Pandazole Survival Crafting Pack/Models/BagBed_02.fbx using Guid(a44169c7b990701448a26400a116669e) Importer(815301076,1909f56bfc062723c751e8b465ee728b) [PhysX] Initialized MultithreadedTaskDispatcher with 16 workers.
[PhysX] Initialized MultithreadedTaskDispatcher with 16 workers.
[PhysX] Initialized MultithreadedTaskDispatcher with 16 workers.
 -> (artifact id: '694a4ff36c625d82a3e516370ed77f5e') in 0.029324 seconds
Number of updated asset objects reloaded before import = 0
Number of asset objects unloaded after import = 9
========================================================================
Received Import Request.
  Time since last request: 0.000040 seconds.
  path: Assets/Pandazole_Ultimate_Pack/Pandazole Survival Crafting Pack/Models/Berry_01.fbx
  artifactKey: Guid(09933f20bf34e2f44b1dd64fa7e7c714) Importer(815301076,1909f56bfc062723c751e8b465ee728b)
Start importing Assets/Pandazole_Ultimate_Pack/Pandazole Survival Crafting Pack/Models/Berry_01.fbx using Guid(09933f20bf34e2f44b1dd64fa7e7c714) Importer(815301076,1909f56bfc062723c751e8b465ee728b) [PhysX] Initialized MultithreadedTaskDispatcher with 16 workers.
[PhysX] Initialized MultithreadedTaskDispatcher with 16 workers.
[PhysX] Initialized MultithreadedTaskDispatcher with 16 workers.
 -> (artifact id: 'b78f1e86922c4999d453ebeb5bcca60a') in 0.029680 seconds
Number of updated asset objects reloaded before import = 0
Number of asset objects unloaded after import = 9
========================================================================
Received Import Request.
  Time since last request: 0.000032 seconds.
  path: Assets/Pandazole_Ultimate_Pack/Pandazole Survival Crafting Pack/Models/BonesCollection.fbx
  artifactKey: Guid(290d6408170d27241b172a364ad9315e) Importer(815301076,1909f56bfc062723c751e8b465ee728b)
Start importing Assets/Pandazole_Ultimate_Pack/Pandazole Survival Crafting Pack/Models/BonesCollection.fbx using Guid(290d6408170d27241b172a364ad9315e) Importer(815301076,1909f56bfc062723c751e8b465ee728b) [PhysX] Initialized MultithreadedTaskDispatcher with 16 workers.
[PhysX] Initialized MultithreadedTaskDispatcher with 16 workers.
[PhysX] Initialized MultithreadedTaskDispatcher with 16 workers.
 -> (artifact id: 'f886f334436cadf3a91ef151ed095df5') in 0.029454 seconds
Number of updated asset objects reloaded before import = 0
Number of asset objects unloaded after import = 9
========================================================================
Received Import Request.
  Time since last request: 0.000029 seconds.
  path: Assets/Pandazole_Ultimate_Pack/Pandazole Survival Crafting Pack/Models/Binoculars.fbx
  artifactKey: Guid(7a659bb5421943c4b822154fddf21038) Importer(815301076,1909f56bfc062723c751e8b465ee728b)
Start importing Assets/Pandazole_Ultimate_Pack/Pandazole Survival Crafting Pack/Models/Binoculars.fbx using Guid(7a659bb5421943c4b822154fddf21038) Importer(815301076,1909f56bfc062723c751e8b465ee728b) [PhysX] Initialized MultithreadedTaskDispatcher with 16 workers.
[PhysX] Initialized MultithreadedTaskDispatcher with 16 workers.
[PhysX] Initialized MultithreadedTaskDispatcher with 16 workers.
 -> (artifact id: '516d8e755f1b94b0b0b4469680c74efd') in 0.033675 seconds
Number of updated asset objects reloaded before import = 0
Number of asset objects unloaded after import = 9
========================================================================
Received Import Request.
  Time since last request: 0.000038 seconds.
  path: Assets/Pandazole_Ultimate_Pack/Pandazole Survival Crafting Pack/Models/CannedFood_04.fbx
  artifactKey: Guid(2b39f698d2acd28458ef5328b0d842e0) Importer(815301076,1909f56bfc062723c751e8b465ee728b)
Start importing Assets/Pandazole_Ultimate_Pack/Pandazole Survival Crafting Pack/Models/CannedFood_04.fbx using Guid(2b39f698d2acd28458ef5328b0d842e0) Importer(815301076,1909f56bfc062723c751e8b465ee728b) [PhysX] Initialized MultithreadedTaskDispatcher with 16 workers.
[PhysX] Initialized MultithreadedTaskDispatcher with 16 workers.
[PhysX] Initialized MultithreadedTaskDispatcher with 16 workers.
 -> (artifact id: 'ebc472ebaa94e2e4c7599b9cc4645f11') in 0.032684 seconds
Number of updated asset objects reloaded before import = 0
Number of asset objects unloaded after import = 9
========================================================================
Received Import Request.
  Time since last request: 0.000029 seconds.
  path: Assets/Pandazole_Ultimate_Pack/Pandazole Survival Crafting Pack/Models/CannedFood_01.fbx
  artifactKey: Guid(5cfb34e4d2a9de24584acb510151a41a) Importer(815301076,1909f56bfc062723c751e8b465ee728b)
Start importing Assets/Pandazole_Ultimate_Pack/Pandazole Survival Crafting Pack/Models/CannedFood_01.fbx using Guid(5cfb34e4d2a9de24584acb510151a41a) Importer(815301076,1909f56bfc062723c751e8b465ee728b) [PhysX] Initialized MultithreadedTaskDispatcher with 16 workers.
[PhysX] Initialized MultithreadedTaskDispatcher with 16 workers.
[PhysX] Initialized MultithreadedTaskDispatcher with 16 workers.
 -> (artifact id: 'a8d6bfe0bd1789ee48bf293c42cec3a5') in 0.030368 seconds
Number of updated asset objects reloaded before import = 0
Number of asset objects unloaded after import = 9
========================================================================
Received Import Request.
  Time since last request: 0.000032 seconds.
  path: Assets/Pandazole_Ultimate_Pack/Pandazole Survival Crafting Pack/Models/ClimbingAxe.fbx
  artifactKey: Guid(c72aea22d1c171245bcfdea6ea6904c2) Importer(815301076,1909f56bfc062723c751e8b465ee728b)
Start importing Assets/Pandazole_Ultimate_Pack/Pandazole Survival Crafting Pack/Models/ClimbingAxe.fbx using Guid(c72aea22d1c171245bcfdea6ea6904c2) Importer(815301076,1909f56bfc062723c751e8b465ee728b) [PhysX] Initialized MultithreadedTaskDispatcher with 16 workers.
[PhysX] Initialized MultithreadedTaskDispatcher with 16 workers.
[PhysX] Initialized MultithreadedTaskDispatcher with 16 workers.
 -> (artifact id: '69b4cde67e42b446325996edb4334556') in 0.027399 seconds
Number of updated asset objects reloaded before import = 0
Number of asset objects unloaded after import = 9
========================================================================
Received Import Request.
  Time since last request: 0.000039 seconds.
  path: Assets/Pandazole_Ultimate_Pack/Pandazole Survival Crafting Pack/Models/BagBed_01.fbx
  artifactKey: Guid(45ca2eb93d26f6f459840de7b4661e88) Importer(815301076,1909f56bfc062723c751e8b465ee728b)
Start importing Assets/Pandazole_Ultimate_Pack/Pandazole Survival Crafting Pack/Models/BagBed_01.fbx using Guid(45ca2eb93d26f6f459840de7b4661e88) Importer(815301076,1909f56bfc062723c751e8b465ee728b) [PhysX] Initialized MultithreadedTaskDispatcher with 16 workers.
[PhysX] Initialized MultithreadedTaskDispatcher with 16 workers.
[PhysX] Initialized MultithreadedTaskDispatcher with 16 workers.
 -> (artifact id: '7beb4b4d473133a981b2c64af3b2ef8d') in 0.030458 seconds
Number of updated asset objects reloaded before import = 0
Number of asset objects unloaded after import = 9
========================================================================
Received Import Request.
  Time since last request: 0.000042 seconds.
  path: Assets/Pandazole_Ultimate_Pack/Pandazole Survival Crafting Pack/Models/Compass.fbx
  artifactKey: Guid(8aeb7b14827723f4e86ca004cbe1028c) Importer(815301076,1909f56bfc062723c751e8b465ee728b)
Start importing Assets/Pandazole_Ultimate_Pack/Pandazole Survival Crafting Pack/Models/Compass.fbx using Guid(8aeb7b14827723f4e86ca004cbe1028c) Importer(815301076,1909f56bfc062723c751e8b465ee728b) [PhysX] Initialized MultithreadedTaskDispatcher with 16 workers.
[PhysX] Initialized MultithreadedTaskDispatcher with 16 workers.
[PhysX] Initialized MultithreadedTaskDispatcher with 16 workers.
 -> (artifact id: 'fd564c1c314867f713062764d76fe8a2') in 0.032806 seconds
Number of updated asset objects reloaded before import = 0
Number of asset objects unloaded after import = 9
========================================================================
Received Import Request.
  Time since last request: 0.000027 seconds.
  path: Assets/Pandazole_Ultimate_Pack/Pandazole Survival Crafting Pack/Models/Bucket.fbx
  artifactKey: Guid(075ad0301c9921e4fb393d48cee69325) Importer(815301076,1909f56bfc062723c751e8b465ee728b)
Start importing Assets/Pandazole_Ultimate_Pack/Pandazole Survival Crafting Pack/Models/Bucket.fbx using Guid(075ad0301c9921e4fb393d48cee69325) Importer(815301076,1909f56bfc062723c751e8b465ee728b) [PhysX] Initialized MultithreadedTaskDispatcher with 16 workers.
[PhysX] Initialized MultithreadedTaskDispatcher with 16 workers.
[PhysX] Initialized MultithreadedTaskDispatcher with 16 workers.
 -> (artifact id: 'd1c39d9c20bebaffafc615ef9ecc037f') in 0.025763 seconds
Number of updated asset objects reloaded before import = 0
Number of asset objects unloaded after import = 9
========================================================================
Received Import Request.
  Time since last request: 0.000026 seconds.
  path: Assets/Pandazole_Ultimate_Pack/Pandazole Survival Crafting Pack/Models/Battery_03.fbx
  artifactKey: Guid(a4c32f6c803d63e4284cd8cfc1b0d28c) Importer(815301076,1909f56bfc062723c751e8b465ee728b)
Start importing Assets/Pandazole_Ultimate_Pack/Pandazole Survival Crafting Pack/Models/Battery_03.fbx using Guid(a4c32f6c803d63e4284cd8cfc1b0d28c) Importer(815301076,1909f56bfc062723c751e8b465ee728b) [PhysX] Initialized MultithreadedTaskDispatcher with 16 workers.
[PhysX] Initialized MultithreadedTaskDispatcher with 16 workers.
[PhysX] Initialized MultithreadedTaskDispatcher with 16 workers.
 -> (artifact id: '703b598dabc30f6acafd17af619bb578') in 0.029923 seconds
Number of updated asset objects reloaded before import = 0
Number of asset objects unloaded after import = 9
========================================================================
Received Import Request.
  Time since last request: 0.628086 seconds.
  path: Assets/Pandazole_Ultimate_Pack/Pandazole Survival Crafting Pack/Models/Crate.fbx
  artifactKey: Guid(0d3c3794e99b82f47a048df339275dfb) Importer(815301076,1909f56bfc062723c751e8b465ee728b)
Start importing Assets/Pandazole_Ultimate_Pack/Pandazole Survival Crafting Pack/Models/Crate.fbx using Guid(0d3c3794e99b82f47a048df339275dfb) Importer(815301076,1909f56bfc062723c751e8b465ee728b) [PhysX] Initialized MultithreadedTaskDispatcher with 16 workers.
[PhysX] Initialized MultithreadedTaskDispatcher with 16 workers.
[PhysX] Initialized MultithreadedTaskDispatcher with 16 workers.
 -> (artifact id: '02a55bc16f4d6e676669c5d4156ef007') in 0.029102 seconds
Number of updated asset objects reloaded before import = 0
Number of asset objects unloaded after import = 9
========================================================================
Received Import Request.
  Time since last request: 0.000023 seconds.
  path: Assets/Pandazole_Ultimate_Pack/Pandazole Survival Crafting Pack/Models/Dynamite_02.fbx
  artifactKey: Guid(bdb2acb5374491b4abe09dabb9066447) Importer(815301076,1909f56bfc062723c751e8b465ee728b)
Start importing Assets/Pandazole_Ultimate_Pack/Pandazole Survival Crafting Pack/Models/Dynamite_02.fbx using Guid(bdb2acb5374491b4abe09dabb9066447) Importer(815301076,1909f56bfc062723c751e8b465ee728b) [PhysX] Initialized MultithreadedTaskDispatcher with 16 workers.
[PhysX] Initialized MultithreadedTaskDispatcher with 16 workers.
[PhysX] Initialized MultithreadedTaskDispatcher with 16 workers.
 -> (artifact id: 'bd90450fb88da192ef9929f30bd07a1f') in 0.026435 seconds
Number of updated asset objects reloaded before import = 0
Number of asset objects unloaded after import = 9
========================================================================
Received Import Request.
  Time since last request: 0.000027 seconds.
  path: Assets/Pandazole_Ultimate_Pack/Pandazole Survival Crafting Pack/Models/Flashlight_02.fbx
  artifactKey: Guid(2e5eebcee31662d488c41edf43d9ad28) Importer(815301076,1909f56bfc062723c751e8b465ee728b)
Start importing Assets/Pandazole_Ultimate_Pack/Pandazole Survival Crafting Pack/Models/Flashlight_02.fbx using Guid(2e5eebcee31662d488c41edf43d9ad28) Importer(815301076,1909f56bfc062723c751e8b465ee728b) [PhysX] Initialized MultithreadedTaskDispatcher with 16 workers.
[PhysX] Initialized MultithreadedTaskDispatcher with 16 workers.
[PhysX] Initialized MultithreadedTaskDispatcher with 16 workers.
 -> (artifact id: '2d729f9206ccf3d9040e69d17d007d2f') in 0.028389 seconds
Number of updated asset objects reloaded before import = 0
Number of asset objects unloaded after import = 9
========================================================================
Received Import Request.
  Time since last request: 0.000031 seconds.
  path: Assets/Pandazole_Ultimate_Pack/Pandazole Survival Crafting Pack/Models/HeadFlashlight.fbx
  artifactKey: Guid(a5ab0f25a2c8457498aa8cb489d037d6) Importer(815301076,1909f56bfc062723c751e8b465ee728b)
Start importing Assets/Pandazole_Ultimate_Pack/Pandazole Survival Crafting Pack/Models/HeadFlashlight.fbx using Guid(a5ab0f25a2c8457498aa8cb489d037d6) Importer(815301076,1909f56bfc062723c751e8b465ee728b) [PhysX] Initialized MultithreadedTaskDispatcher with 16 workers.
[PhysX] Initialized MultithreadedTaskDispatcher with 16 workers.
[PhysX] Initialized MultithreadedTaskDispatcher with 16 workers.
 -> (artifact id: 'e15e375b0e5d973f0ba3024609d9aa02') in 0.029462 seconds
Number of updated asset objects reloaded before import = 0
Number of asset objects unloaded after import = 9
========================================================================
Received Import Request.
  Time since last request: 0.000043 seconds.
  path: Assets/Pandazole_Ultimate_Pack/Pandazole Survival Crafting Pack/Models/GlassBottle_03.fbx
  artifactKey: Guid(1a502575aeb46264985348e44128073f) Importer(815301076,1909f56bfc062723c751e8b465ee728b)
Start importing Assets/Pandazole_Ultimate_Pack/Pandazole Survival Crafting Pack/Models/GlassBottle_03.fbx using Guid(1a502575aeb46264985348e44128073f) Importer(815301076,1909f56bfc062723c751e8b465ee728b) [PhysX] Initialized MultithreadedTaskDispatcher with 16 workers.
[PhysX] Initialized MultithreadedTaskDispatcher with 16 workers.
[PhysX] Initialized MultithreadedTaskDispatcher with 16 workers.
 -> (artifact id: '67a34369a40c067fb96212e6c97e5f09') in 0.027091 seconds
Number of updated asset objects reloaded before import = 0
Number of asset objects unloaded after import = 9
========================================================================
Received Import Request.
  Time since last request: 0.000031 seconds.
  path: Assets/Pandazole_Ultimate_Pack/Pandazole Survival Crafting Pack/Models/Hammer_03.fbx
  artifactKey: Guid(55c39915a9975e54c840974981a7b659) Importer(815301076,1909f56bfc062723c751e8b465ee728b)
Start importing Assets/Pandazole_Ultimate_Pack/Pandazole Survival Crafting Pack/Models/Hammer_03.fbx using Guid(55c39915a9975e54c840974981a7b659) Importer(815301076,1909f56bfc062723c751e8b465ee728b) [PhysX] Initialized MultithreadedTaskDispatcher with 16 workers.
[PhysX] Initialized MultithreadedTaskDispatcher with 16 workers.
[PhysX] Initialized MultithreadedTaskDispatcher with 16 workers.
 -> (artifact id: 'fcff642b09b230a7866e439bd3aa9212') in 0.027257 seconds
Number of updated asset objects reloaded before import = 0
Number of asset objects unloaded after import = 9
========================================================================
Received Import Request.
  Time since last request: 0.000024 seconds.
  path: Assets/Pandazole_Ultimate_Pack/Pandazole Survival Crafting Pack/Models/Dynamite_01.fbx
  artifactKey: Guid(b643c2aadc35ad343946402d8f75f235) Importer(815301076,1909f56bfc062723c751e8b465ee728b)
Start importing Assets/Pandazole_Ultimate_Pack/Pandazole Survival Crafting Pack/Models/Dynamite_01.fbx using Guid(b643c2aadc35ad343946402d8f75f235) Importer(815301076,1909f56bfc062723c751e8b465ee728b) [PhysX] Initialized MultithreadedTaskDispatcher with 16 workers.
[PhysX] Initialized MultithreadedTaskDispatcher with 16 workers.
[PhysX] Initialized MultithreadedTaskDispatcher with 16 workers.
 -> (artifact id: 'b163d45c79108aa32f0e7707f3f5a0d2') in 0.027044 seconds
Number of updated asset objects reloaded before import = 0
Number of asset objects unloaded after import = 9
========================================================================
Received Import Request.
  Time since last request: 0.000034 seconds.
  path: Assets/Pandazole_Ultimate_Pack/Pandazole Survival Crafting Pack/Models/FlareGun.fbx
  artifactKey: Guid(9c80f032cbc90c44ba19666529bcf510) Importer(815301076,1909f56bfc062723c751e8b465ee728b)
Start importing Assets/Pandazole_Ultimate_Pack/Pandazole Survival Crafting Pack/Models/FlareGun.fbx using Guid(9c80f032cbc90c44ba19666529bcf510) Importer(815301076,1909f56bfc062723c751e8b465ee728b) [PhysX] Initialized MultithreadedTaskDispatcher with 16 workers.
[PhysX] Initialized MultithreadedTaskDispatcher with 16 workers.
[PhysX] Initialized MultithreadedTaskDispatcher with 16 workers.
 -> (artifact id: 'c153ec6851c92b8504be7873c4886d0b') in 0.027292 seconds
Number of updated asset objects reloaded before import = 0
Number of asset objects unloaded after import = 9
========================================================================
Received Import Request.
  Time since last request: 0.000027 seconds.
  path: Assets/Pandazole_Ultimate_Pack/Pandazole Survival Crafting Pack/Models/Flare.fbx
  artifactKey: Guid(3b0fc77b76655c6458afa40ba050cca3) Importer(815301076,1909f56bfc062723c751e8b465ee728b)
Start importing Assets/Pandazole_Ultimate_Pack/Pandazole Survival Crafting Pack/Models/Flare.fbx using Guid(3b0fc77b76655c6458afa40ba050cca3) Importer(815301076,1909f56bfc062723c751e8b465ee728b) [PhysX] Initialized MultithreadedTaskDispatcher with 16 workers.
[PhysX] Initialized MultithreadedTaskDispatcher with 16 workers.
[PhysX] Initialized MultithreadedTaskDispatcher with 16 workers.
 -> (artifact id: 'd1f864bb2176f67162f9ff7f50b11c21') in 0.027612 seconds
Number of updated asset objects reloaded before import = 0
Number of asset objects unloaded after import = 9
========================================================================
Received Import Request.
  Time since last request: 0.000032 seconds.
  path: Assets/Pandazole_Ultimate_Pack/Pandazole Survival Crafting Pack/Models/GlassBottle_05.fbx
  artifactKey: Guid(13ecab3a0d14d594396f7146d8036548) Importer(815301076,1909f56bfc062723c751e8b465ee728b)
Start importing Assets/Pandazole_Ultimate_Pack/Pandazole Survival Crafting Pack/Models/GlassBottle_05.fbx using Guid(13ecab3a0d14d594396f7146d8036548) Importer(815301076,1909f56bfc062723c751e8b465ee728b) [PhysX] Initialized MultithreadedTaskDispatcher with 16 workers.
[PhysX] Initialized MultithreadedTaskDispatcher with 16 workers.
[PhysX] Initialized MultithreadedTaskDispatcher with 16 workers.
 -> (artifact id: '3da15e9cf12f8c51a9e44b5fc8e9336a') in 0.030271 seconds
Number of updated asset objects reloaded before import = 0
Number of asset objects unloaded after import = 9
========================================================================
Received Import Request.
  Time since last request: 0.000046 seconds.
  path: Assets/Pandazole_Ultimate_Pack/Pandazole Survival Crafting Pack/Models/GasTank.fbx
  artifactKey: Guid(16634414108d1dc4f9a3045aa66170f0) Importer(815301076,1909f56bfc062723c751e8b465ee728b)
Start importing Assets/Pandazole_Ultimate_Pack/Pandazole Survival Crafting Pack/Models/GasTank.fbx using Guid(16634414108d1dc4f9a3045aa66170f0) Importer(815301076,1909f56bfc062723c751e8b465ee728b) [PhysX] Initialized MultithreadedTaskDispatcher with 16 workers.
[PhysX] Initialized MultithreadedTaskDispatcher with 16 workers.
[PhysX] Initialized MultithreadedTaskDispatcher with 16 workers.
 -> (artifact id: 'c9b21823d11877968714aff8b1ae7b67') in 0.030695 seconds
Number of updated asset objects reloaded before import = 0
Number of asset objects unloaded after import = 9
========================================================================
Received Import Request.
  Time since last request: 0.269947 seconds.
  path: Assets/Pandazole_Ultimate_Pack/Pandazole Survival Crafting Pack/Models/Kettle.fbx
  artifactKey: Guid(e4911d5bc09c7284ca4b60cbae04cda8) Importer(815301076,1909f56bfc062723c751e8b465ee728b)
Start importing Assets/Pandazole_Ultimate_Pack/Pandazole Survival Crafting Pack/Models/Kettle.fbx using Guid(e4911d5bc09c7284ca4b60cbae04cda8) Importer(815301076,1909f56bfc062723c751e8b465ee728b) [PhysX] Initialized MultithreadedTaskDispatcher with 16 workers.
[PhysX] Initialized MultithreadedTaskDispatcher with 16 workers.
[PhysX] Initialized MultithreadedTaskDispatcher with 16 workers.
[PhysX] Initialized MultithreadedTaskDispatcher with 16 workers.
[PhysX] Initialized MultithreadedTaskDispatcher with 16 workers.
 -> (artifact id: 'fbd8da5ba3f6497821f2c7fafaeec12d') in 0.036817 seconds
Number of updated asset objects reloaded before import = 0
Number of asset objects unloaded after import = 14
========================================================================
Received Import Request.
  Time since last request: 0.000030 seconds.
  path: Assets/Pandazole_Ultimate_Pack/Pandazole Survival Crafting Pack/Models/LeatherPouch.fbx
  artifactKey: Guid(c2af9a85cb917514c92aa23ea3557dea) Importer(815301076,1909f56bfc062723c751e8b465ee728b)
Start importing Assets/Pandazole_Ultimate_Pack/Pandazole Survival Crafting Pack/Models/LeatherPouch.fbx using Guid(c2af9a85cb917514c92aa23ea3557dea) Importer(815301076,1909f56bfc062723c751e8b465ee728b) [PhysX] Initialized MultithreadedTaskDispatcher with 16 workers.
[PhysX] Initialized MultithreadedTaskDispatcher with 16 workers.
[PhysX] Initialized MultithreadedTaskDispatcher with 16 workers.
 -> (artifact id: '34bf147fb231fa660c4f57b6cce6eb3c') in 0.027387 seconds
Number of updated asset objects reloaded before import = 0
Number of asset objects unloaded after import = 9
========================================================================
Received Import Request.
  Time since last request: 0.000031 seconds.
  path: Assets/Pandazole_Ultimate_Pack/Pandazole Survival Crafting Pack/Models/Knife_05.fbx
  artifactKey: Guid(f65eb00b2e9322748a15396a808a328b) Importer(815301076,1909f56bfc062723c751e8b465ee728b)
Start importing Assets/Pandazole_Ultimate_Pack/Pandazole Survival Crafting Pack/Models/Knife_05.fbx using Guid(f65eb00b2e9322748a15396a808a328b) Importer(815301076,1909f56bfc062723c751e8b465ee728b) [PhysX] Initialized MultithreadedTaskDispatcher with 16 workers.
[PhysX] Initialized MultithreadedTaskDispatcher with 16 workers.
[PhysX] Initialized MultithreadedTaskDispatcher with 16 workers.
 -> (artifact id: 'bc318af951fb07e6bbc7902933d02651') in 0.027602 seconds
Number of updated asset objects reloaded before import = 0
Number of asset objects unloaded after import = 9
========================================================================
Received Import Request.
  Time since last request: 0.000033 seconds.
  path: Assets/Pandazole_Ultimate_Pack/Pandazole Survival Crafting Pack/Models/Key_02.fbx
  artifactKey: Guid(64a7b6ffc6940f04da964082a93c5cd9) Importer(815301076,1909f56bfc062723c751e8b465ee728b)
Start importing Assets/Pandazole_Ultimate_Pack/Pandazole Survival Crafting Pack/Models/Key_02.fbx using Guid(64a7b6ffc6940f04da964082a93c5cd9) Importer(815301076,1909f56bfc062723c751e8b465ee728b) [PhysX] Initialized MultithreadedTaskDispatcher with 16 workers.
[PhysX] Initialized MultithreadedTaskDispatcher with 16 workers.
[PhysX] Initialized MultithreadedTaskDispatcher with 16 workers.
 -> (artifact id: '62a0b4c31da045a0a9bff24a789a37a8') in 0.033118 seconds
Number of updated asset objects reloaded before import = 0
Number of asset objects unloaded after import = 9
========================================================================
Received Import Request.
  Time since last request: 0.000030 seconds.
  path: Assets/Pandazole_Ultimate_Pack/Pandazole Survival Crafting Pack/Models/Lighter_01.fbx
  artifactKey: Guid(f91fdff74c8012a4e9e2aa5c829ca70a) Importer(815301076,1909f56bfc062723c751e8b465ee728b)
Start importing Assets/Pandazole_Ultimate_Pack/Pandazole Survival Crafting Pack/Models/Lighter_01.fbx using Guid(f91fdff74c8012a4e9e2aa5c829ca70a) Importer(815301076,1909f56bfc062723c751e8b465ee728b) [PhysX] Initialized MultithreadedTaskDispatcher with 16 workers.
[PhysX] Initialized MultithreadedTaskDispatcher with 16 workers.
[PhysX] Initialized MultithreadedTaskDispatcher with 16 workers.
 -> (artifact id: 'aa0803eda6255adeeac77a9ce0ee2072') in 0.027450 seconds
Number of updated asset objects reloaded before import = 0
Number of asset objects unloaded after import = 9
========================================================================
Received Import Request.
  Time since last request: 0.845078 seconds.
  path: Assets/Pandazole_Ultimate_Pack/Pandazole Survival Crafting Pack/Prefabs/ClimbingAxe.prefab
  artifactKey: Guid(e6242bc9c52e73845b7e1c93908412be) Importer(815301076,1909f56bfc062723c751e8b465ee728b)
Start importing Assets/Pandazole_Ultimate_Pack/Pandazole Survival Crafting Pack/Prefabs/ClimbingAxe.prefab using Guid(e6242bc9c52e73845b7e1c93908412be) Importer(815301076,1909f56bfc062723c751e8b465ee728b) [PhysX] Initialized MultithreadedTaskDispatcher with 16 workers.
[PhysX] Initialized MultithreadedTaskDispatcher with 16 workers.
 -> (artifact id: '368cfdeef260ff5078d87ee7cfeb411e') in 0.022692 seconds
Number of updated asset objects reloaded before import = 0
Number of asset objects unloaded after import = 10
========================================================================
Received Import Request.
  Time since last request: 0.000028 seconds.
  path: Assets/Pandazole_Ultimate_Pack/Pandazole Survival Crafting Pack/Prefabs/Knife_01.prefab
  artifactKey: Guid(792ffbaca1a37e74eb298f7b4917c198) Importer(815301076,1909f56bfc062723c751e8b465ee728b)
Start importing Assets/Pandazole_Ultimate_Pack/Pandazole Survival Crafting Pack/Prefabs/Knife_01.prefab using Guid(792ffbaca1a37e74eb298f7b4917c198) Importer(815301076,1909f56bfc062723c751e8b465ee728b) [PhysX] Initialized MultithreadedTaskDispatcher with 16 workers.
[PhysX] Initialized MultithreadedTaskDispatcher with 16 workers.
 -> (artifact id: 'b484403ff5af8e63f06d96ef6784a9de') in 0.023966 seconds
Number of updated asset objects reloaded before import = 0
Number of asset objects unloaded after import = 10
========================================================================
Received Import Request.
  Time since last request: 0.000030 seconds.
  path: Assets/Pandazole_Ultimate_Pack/Pandazole Survival Crafting Pack/Prefabs/Knife_02.prefab
  artifactKey: Guid(729f33f05c998e643a5a9b08de61f6a5) Importer(815301076,1909f56bfc062723c751e8b465ee728b)
Start importing Assets/Pandazole_Ultimate_Pack/Pandazole Survival Crafting Pack/Prefabs/Knife_02.prefab using Guid(729f33f05c998e643a5a9b08de61f6a5) Importer(815301076,1909f56bfc062723c751e8b465ee728b) [PhysX] Initialized MultithreadedTaskDispatcher with 16 workers.
[PhysX] Initialized MultithreadedTaskDispatcher with 16 workers.
 -> (artifact id: '5d4e2b53871aec0300c40a72608b2c0b') in 0.025525 seconds
Number of updated asset objects reloaded before import = 0
Number of asset objects unloaded after import = 10
========================================================================
Received Import Request.
  Time since last request: 0.000023 seconds.
  path: Assets/Pandazole_Ultimate_Pack/Pandazole Survival Crafting Pack/Prefabs/Lighter_01.prefab
  artifactKey: Guid(afe41d2fbd072d348ad8625254d99a12) Importer(815301076,1909f56bfc062723c751e8b465ee728b)
Start importing Assets/Pandazole_Ultimate_Pack/Pandazole Survival Crafting Pack/Prefabs/Lighter_01.prefab using Guid(afe41d2fbd072d348ad8625254d99a12) Importer(815301076,1909f56bfc062723c751e8b465ee728b) [PhysX] Initialized MultithreadedTaskDispatcher with 16 workers.
[PhysX] Initialized MultithreadedTaskDispatcher with 16 workers.
 -> (artifact id: '31046dc7490916979084b8bdc7657fcb') in 0.024083 seconds
Number of updated asset objects reloaded before import = 0
Number of asset objects unloaded after import = 10
========================================================================
Received Import Request.
  Time since last request: 0.000027 seconds.
  path: Assets/Pandazole_Ultimate_Pack/Pandazole Survival Crafting Pack/Prefabs/Crate.prefab
  artifactKey: Guid(7c0be212a310e324d9f1c3d0a9ab5182) Importer(815301076,1909f56bfc062723c751e8b465ee728b)
Start importing Assets/Pandazole_Ultimate_Pack/Pandazole Survival Crafting Pack/Prefabs/Crate.prefab using Guid(7c0be212a310e324d9f1c3d0a9ab5182) Importer(815301076,1909f56bfc062723c751e8b465ee728b) [PhysX] Initialized MultithreadedTaskDispatcher with 16 workers.
[PhysX] Initialized MultithreadedTaskDispatcher with 16 workers.
 -> (artifact id: '6f793d2b4281bf6ffe6a960bc12bc76e') in 0.023650 seconds
Number of updated asset objects reloaded before import = 0
Number of asset objects unloaded after import = 10
========================================================================
Received Import Request.
  Time since last request: 0.000026 seconds.
  path: Assets/Pandazole_Ultimate_Pack/Pandazole Survival Crafting Pack/Prefabs/FoldedBed.prefab
  artifactKey: Guid(08e434cdb0af0a64f8d709c2aeee8398) Importer(815301076,1909f56bfc062723c751e8b465ee728b)
Start importing Assets/Pandazole_Ultimate_Pack/Pandazole Survival Crafting Pack/Prefabs/FoldedBed.prefab using Guid(08e434cdb0af0a64f8d709c2aeee8398) Importer(815301076,1909f56bfc062723c751e8b465ee728b) [PhysX] Initialized MultithreadedTaskDispatcher with 16 workers.
[PhysX] Initialized MultithreadedTaskDispatcher with 16 workers.
 -> (artifact id: 'a92a0a37b226d5f69122042729cb7fbf') in 0.026627 seconds
Number of updated asset objects reloaded before import = 0
Number of asset objects unloaded after import = 10
========================================================================
Received Import Request.
  Time since last request: 0.000029 seconds.
  path: Assets/Pandazole_Ultimate_Pack/Pandazole Survival Crafting Pack/Prefabs/Flashlight_01.prefab
  artifactKey: Guid(06619cc7e974f4744b8b03e00f5ce26f) Importer(815301076,1909f56bfc062723c751e8b465ee728b)
Start importing Assets/Pandazole_Ultimate_Pack/Pandazole Survival Crafting Pack/Prefabs/Flashlight_01.prefab using Guid(06619cc7e974f4744b8b03e00f5ce26f) Importer(815301076,1909f56bfc062723c751e8b465ee728b) [PhysX] Initialized MultithreadedTaskDispatcher with 16 workers.
[PhysX] Initialized MultithreadedTaskDispatcher with 16 workers.
 -> (artifact id: 'c5139bf25979ddaedc8ef83c848d6d4f') in 0.024850 seconds
Number of updated asset objects reloaded before import = 0
Number of asset objects unloaded after import = 10
========================================================================
Received Import Request.
  Time since last request: 0.000041 seconds.
  path: Assets/Pandazole_Ultimate_Pack/Pandazole Survival Crafting Pack/Prefabs/Dynamite_02.prefab
  artifactKey: Guid(61881e87f2da3ec429990a027c2e97a7) Importer(815301076,1909f56bfc062723c751e8b465ee728b)
Start importing Assets/Pandazole_Ultimate_Pack/Pandazole Survival Crafting Pack/Prefabs/Dynamite_02.prefab using Guid(61881e87f2da3ec429990a027c2e97a7) Importer(815301076,1909f56bfc062723c751e8b465ee728b) [PhysX] Initialized MultithreadedTaskDispatcher with 16 workers.
[PhysX] Initialized MultithreadedTaskDispatcher with 16 workers.
 -> (artifact id: '0e0dc72d12a81f17e8f935e804e0603d') in 0.025054 seconds
Number of updated asset objects reloaded before import = 0
Number of asset objects unloaded after import = 10
========================================================================
Received Import Request.
  Time since last request: 0.000041 seconds.
  path: Assets/Pandazole_Ultimate_Pack/Pandazole Survival Crafting Pack/Prefabs/Coin_02.prefab
  artifactKey: Guid(779c5ca3c923f0e4386e047e98dfb46d) Importer(815301076,1909f56bfc062723c751e8b465ee728b)
Start importing Assets/Pandazole_Ultimate_Pack/Pandazole Survival Crafting Pack/Prefabs/Coin_02.prefab using Guid(779c5ca3c923f0e4386e047e98dfb46d) Importer(815301076,1909f56bfc062723c751e8b465ee728b) [PhysX] Initialized MultithreadedTaskDispatcher with 16 workers.
[PhysX] Initialized MultithreadedTaskDispatcher with 16 workers.
 -> (artifact id: 'b141809c4e9e1dd86733ec8473027655') in 0.024994 seconds
Number of updated asset objects reloaded before import = 0
Number of asset objects unloaded after import = 10
========================================================================
Received Import Request.
  Time since last request: 0.000026 seconds.
  path: Assets/Pandazole_Ultimate_Pack/Pandazole Survival Crafting Pack/Prefabs/Hammer_03.prefab
  artifactKey: Guid(f93e603597e26cb4d9879c6cb39f4496) Importer(815301076,1909f56bfc062723c751e8b465ee728b)
Start importing Assets/Pandazole_Ultimate_Pack/Pandazole Survival Crafting Pack/Prefabs/Hammer_03.prefab using Guid(f93e603597e26cb4d9879c6cb39f4496) Importer(815301076,1909f56bfc062723c751e8b465ee728b) [PhysX] Initialized MultithreadedTaskDispatcher with 16 workers.
[PhysX] Initialized MultithreadedTaskDispatcher with 16 workers.
 -> (artifact id: '9b9735b4ba9832052f4989bc83570c4e') in 0.026455 seconds
Number of updated asset objects reloaded before import = 0
Number of asset objects unloaded after import = 10
========================================================================
Received Import Request.
  Time since last request: 0.000025 seconds.
  path: Assets/Pandazole_Ultimate_Pack/Pandazole Survival Crafting Pack/Prefabs/Leather.prefab
  artifactKey: Guid(3507cdaaddde90c4f9d635811d1351c7) Importer(815301076,1909f56bfc062723c751e8b465ee728b)
Start importing Assets/Pandazole_Ultimate_Pack/Pandazole Survival Crafting Pack/Prefabs/Leather.prefab using Guid(3507cdaaddde90c4f9d635811d1351c7) Importer(815301076,1909f56bfc062723c751e8b465ee728b) [PhysX] Initialized MultithreadedTaskDispatcher with 16 workers.
[PhysX] Initialized MultithreadedTaskDispatcher with 16 workers.
 -> (artifact id: 'a17b802aa94a00460b57044522a921f3') in 0.023618 seconds
Number of updated asset objects reloaded before import = 0
Number of asset objects unloaded after import = 10
========================================================================
Received Import Request.
  Time since last request: 0.000032 seconds.
  path: Assets/Pandazole_Ultimate_Pack/Pandazole Survival Crafting Pack/Prefabs/CookingSet_01.prefab
  artifactKey: Guid(65efb6f7c1677774ca2befa48de74c42) Importer(815301076,1909f56bfc062723c751e8b465ee728b)
Start importing Assets/Pandazole_Ultimate_Pack/Pandazole Survival Crafting Pack/Prefabs/CookingSet_01.prefab using Guid(65efb6f7c1677774ca2befa48de74c42) Importer(815301076,1909f56bfc062723c751e8b465ee728b) [PhysX] Initialized MultithreadedTaskDispatcher with 16 workers.
[PhysX] Initialized MultithreadedTaskDispatcher with 16 workers.
 -> (artifact id: '16cc4176e72c22ea21bf531cc5cfe515') in 0.022109 seconds
Number of updated asset objects reloaded before import = 0
Number of asset objects unloaded after import = 10
========================================================================
Received Import Request.
  Time since last request: 0.000024 seconds.
  path: Assets/Pandazole_Ultimate_Pack/Pandazole Survival Crafting Pack/Prefabs/Coin_01.prefab
  artifactKey: Guid(7241fa4434b66ce4e93aad6ba8825c39) Importer(815301076,1909f56bfc062723c751e8b465ee728b)
Start importing Assets/Pandazole_Ultimate_Pack/Pandazole Survival Crafting Pack/Prefabs/Coin_01.prefab using Guid(7241fa4434b66ce4e93aad6ba8825c39) Importer(815301076,1909f56bfc062723c751e8b465ee728b) [PhysX] Initialized MultithreadedTaskDispatcher with 16 workers.
[PhysX] Initialized MultithreadedTaskDispatcher with 16 workers.
 -> (artifact id: 'cdc175bbd79b178db3a56c85800336d0') in 0.025836 seconds
Number of updated asset objects reloaded before import = 0
Number of asset objects unloaded after import = 10
========================================================================
Received Import Request.
  Time since last request: 0.000051 seconds.
  path: Assets/Pandazole_Ultimate_Pack/Pandazole Survival Crafting Pack/Prefabs/Knife_03.prefab
  artifactKey: Guid(3ab46e5e3f50fd24593f3baf7404431d) Importer(815301076,1909f56bfc062723c751e8b465ee728b)
Start importing Assets/Pandazole_Ultimate_Pack/Pandazole Survival Crafting Pack/Prefabs/Knife_03.prefab using Guid(3ab46e5e3f50fd24593f3baf7404431d) Importer(815301076,1909f56bfc062723c751e8b465ee728b) [PhysX] Initialized MultithreadedTaskDispatcher with 16 workers.
[PhysX] Initialized MultithreadedTaskDispatcher with 16 workers.
 -> (artifact id: '47fc05badd9a84bf27b49850d4da96f7') in 0.029181 seconds
Number of updated asset objects reloaded before import = 0
Number of asset objects unloaded after import = 16
========================================================================
Received Import Request.
  Time since last request: 0.000029 seconds.
  path: Assets/Pandazole_Ultimate_Pack/Pandazole Survival Crafting Pack/Prefabs/Jug.prefab
  artifactKey: Guid(478d0e9e97cd1c54d880232bb8e94606) Importer(815301076,1909f56bfc062723c751e8b465ee728b)
Start importing Assets/Pandazole_Ultimate_Pack/Pandazole Survival Crafting Pack/Prefabs/Jug.prefab using Guid(478d0e9e97cd1c54d880232bb8e94606) Importer(815301076,1909f56bfc062723c751e8b465ee728b) [PhysX] Initialized MultithreadedTaskDispatcher with 16 workers.
[PhysX] Initialized MultithreadedTaskDispatcher with 16 workers.
 -> (artifact id: '7d9acc134a27ca1e6182efd6108cee13') in 0.026417 seconds
Number of updated asset objects reloaded before import = 0
Number of asset objects unloaded after import = 10
========================================================================
Received Import Request.
  Time since last request: 0.000025 seconds.
  path: Assets/Pandazole_Ultimate_Pack/Pandazole Survival Crafting Pack/Prefabs/GlassBottle_03.prefab
  artifactKey: Guid(d27b73dcbd2a4014ba76c6a64e432f86) Importer(815301076,1909f56bfc062723c751e8b465ee728b)
Start importing Assets/Pandazole_Ultimate_Pack/Pandazole Survival Crafting Pack/Prefabs/GlassBottle_03.prefab using Guid(d27b73dcbd2a4014ba76c6a64e432f86) Importer(815301076,1909f56bfc062723c751e8b465ee728b) [PhysX] Initialized MultithreadedTaskDispatcher with 16 workers.
[PhysX] Initialized MultithreadedTaskDispatcher with 16 workers.
 -> (artifact id: '5764c57cbec178b2601eeb27af9679cd') in 0.031596 seconds
Number of updated asset objects reloaded before import = 0
Number of asset objects unloaded after import = 10
========================================================================
Received Import Request.
  Time since last request: 0.000029 seconds.
  path: Assets/Pandazole_Ultimate_Pack/Pandazole Survival Crafting Pack/Prefabs/Key_01.prefab
  artifactKey: Guid(4794bdb2a0e130b4bb1d8a2b0fb8fe3f) Importer(815301076,1909f56bfc062723c751e8b465ee728b)
Start importing Assets/Pandazole_Ultimate_Pack/Pandazole Survival Crafting Pack/Prefabs/Key_01.prefab using Guid(4794bdb2a0e130b4bb1d8a2b0fb8fe3f) Importer(815301076,1909f56bfc062723c751e8b465ee728b) [PhysX] Initialized MultithreadedTaskDispatcher with 16 workers.
[PhysX] Initialized MultithreadedTaskDispatcher with 16 workers.
 -> (artifact id: 'c62c91b9bb56490f6275b8c8d5e7be9b') in 0.024887 seconds
Number of updated asset objects reloaded before import = 0
Number of asset objects unloaded after import = 10
========================================================================
Received Import Request.
  Time since last request: 0.000038 seconds.
  path: Assets/Pandazole_Ultimate_Pack/Pandazole Survival Crafting Pack/Prefabs/Hammer_02.prefab
  artifactKey: Guid(582880a81be7ecd4eba55a2e6aa8eaae) Importer(815301076,1909f56bfc062723c751e8b465ee728b)
Start importing Assets/Pandazole_Ultimate_Pack/Pandazole Survival Crafting Pack/Prefabs/Hammer_02.prefab using Guid(582880a81be7ecd4eba55a2e6aa8eaae) Importer(815301076,1909f56bfc062723c751e8b465ee728b) [PhysX] Initialized MultithreadedTaskDispatcher with 16 workers.
[PhysX] Initialized MultithreadedTaskDispatcher with 16 workers.
 -> (artifact id: '33677020e8ac6af438490b6e8b70f148') in 0.026004 seconds
Number of updated asset objects reloaded before import = 0
Number of asset objects unloaded after import = 10
========================================================================
Received Import Request.
  Time since last request: 0.000033 seconds.
  path: Assets/Pandazole_Ultimate_Pack/Pandazole Survival Crafting Pack/Prefabs/Fur.prefab
  artifactKey: Guid(579712db7ee14be418dfe258e84a65cc) Importer(815301076,1909f56bfc062723c751e8b465ee728b)
Start importing Assets/Pandazole_Ultimate_Pack/Pandazole Survival Crafting Pack/Prefabs/Fur.prefab using Guid(579712db7ee14be418dfe258e84a65cc) Importer(815301076,1909f56bfc062723c751e8b465ee728b) [PhysX] Initialized MultithreadedTaskDispatcher with 16 workers.
[PhysX] Initialized MultithreadedTaskDispatcher with 16 workers.
 -> (artifact id: '473c7bc1dec8318a5ada3d8074de0906') in 0.025083 seconds
Number of updated asset objects reloaded before import = 0
Number of asset objects unloaded after import = 10
========================================================================
Received Import Request.
  Time since last request: 0.000046 seconds.
  path: Assets/Pandazole_Ultimate_Pack/Pandazole Survival Crafting Pack/Prefabs/Map_01.prefab
  artifactKey: Guid(86e29605cb887d4489df79b439c5d9a4) Importer(815301076,1909f56bfc062723c751e8b465ee728b)
Start importing Assets/Pandazole_Ultimate_Pack/Pandazole Survival Crafting Pack/Prefabs/Map_01.prefab using Guid(86e29605cb887d4489df79b439c5d9a4) Importer(815301076,1909f56bfc062723c751e8b465ee728b) [PhysX] Initialized MultithreadedTaskDispatcher with 16 workers.
[PhysX] Initialized MultithreadedTaskDispatcher with 16 workers.
 -> (artifact id: '7d0052f545a1242f1a7ade1e41bf5798') in 0.024803 seconds
Number of updated asset objects reloaded before import = 0
Number of asset objects unloaded after import = 10
========================================================================
Received Import Request.
  Time since last request: 0.000034 seconds.
  path: Assets/Pandazole_Ultimate_Pack/Pandazole Survival Crafting Pack/Prefabs/CookingSet_02.prefab
  artifactKey: Guid(b4dce300059e7c04fbec745bbad232b0) Importer(815301076,1909f56bfc062723c751e8b465ee728b)
Start importing Assets/Pandazole_Ultimate_Pack/Pandazole Survival Crafting Pack/Prefabs/CookingSet_02.prefab using Guid(b4dce300059e7c04fbec745bbad232b0) Importer(815301076,1909f56bfc062723c751e8b465ee728b) [PhysX] Initialized MultithreadedTaskDispatcher with 16 workers.
[PhysX] Initialized MultithreadedTaskDispatcher with 16 workers.
 -> (artifact id: '793d334994c88fad735dcc163e7744da') in 0.024065 seconds
Number of updated asset objects reloaded before import = 0
Number of asset objects unloaded after import = 10
========================================================================
Received Import Request.
  Time since last request: 0.000038 seconds.
  path: Assets/Pandazole_Ultimate_Pack/Pandazole Survival Crafting Pack/Prefabs/HeadFlashlight.prefab
  artifactKey: Guid(ee7cd833d752095418589589fa086b11) Importer(815301076,1909f56bfc062723c751e8b465ee728b)
Start importing Assets/Pandazole_Ultimate_Pack/Pandazole Survival Crafting Pack/Prefabs/HeadFlashlight.prefab using Guid(ee7cd833d752095418589589fa086b11) Importer(815301076,1909f56bfc062723c751e8b465ee728b) [PhysX] Initialized MultithreadedTaskDispatcher with 16 workers.
[PhysX] Initialized MultithreadedTaskDispatcher with 16 workers.
 -> (artifact id: '414217d72e3f99c0749e833d95352308') in 0.025095 seconds
Number of updated asset objects reloaded before import = 0
Number of asset objects unloaded after import = 10
========================================================================
Received Import Request.
  Time since last request: 1.109041 seconds.
  path: Assets/Pandazole_Ultimate_Pack/Pandazole Survival Crafting Pack/Prefabs/Arrow_01.prefab
  artifactKey: Guid(21391263d01948d4284a2876baaaa77b) Importer(815301076,1909f56bfc062723c751e8b465ee728b)
Start importing Assets/Pandazole_Ultimate_Pack/Pandazole Survival Crafting Pack/Prefabs/Arrow_01.prefab using Guid(21391263d01948d4284a2876baaaa77b) Importer(815301076,1909f56bfc062723c751e8b465ee728b) [PhysX] Initialized MultithreadedTaskDispatcher with 16 workers.
[PhysX] Initialized MultithreadedTaskDispatcher with 16 workers.
 -> (artifact id: 'b4b370eba613d3a45f52756c70dc738e') in 0.026166 seconds
Number of updated asset objects reloaded before import = 0
Number of asset objects unloaded after import = 10
========================================================================
Received Import Request.
  Time since last request: 0.000029 seconds.
  path: Assets/Pandazole_Ultimate_Pack/Pandazole Survival Crafting Pack/Prefabs/Campfire.prefab
  artifactKey: Guid(860f38b8935df9b418392f55024ee9ac) Importer(815301076,1909f56bfc062723c751e8b465ee728b)
Start importing Assets/Pandazole_Ultimate_Pack/Pandazole Survival Crafting Pack/Prefabs/Campfire.prefab using Guid(860f38b8935df9b418392f55024ee9ac) Importer(815301076,1909f56bfc062723c751e8b465ee728b) [PhysX] Initialized MultithreadedTaskDispatcher with 16 workers.
[PhysX] Initialized MultithreadedTaskDispatcher with 16 workers.
 -> (artifact id: '1d35aaa1e23f4fc6039289e9df9d9164') in 0.025957 seconds
Number of updated asset objects reloaded before import = 0
Number of asset objects unloaded after import = 10
========================================================================
Received Import Request.
  Time since last request: 0.000031 seconds.
  path: Assets/Pandazole_Ultimate_Pack/Pandazole Survival Crafting Pack/Prefabs/BoneKnife.prefab
  artifactKey: Guid(660e163354191a843904a25ce373e868) Importer(815301076,1909f56bfc062723c751e8b465ee728b)
Start importing Assets/Pandazole_Ultimate_Pack/Pandazole Survival Crafting Pack/Prefabs/BoneKnife.prefab using Guid(660e163354191a843904a25ce373e868) Importer(815301076,1909f56bfc062723c751e8b465ee728b) [PhysX] Initialized MultithreadedTaskDispatcher with 16 workers.
[PhysX] Initialized MultithreadedTaskDispatcher with 16 workers.
 -> (artifact id: '50bb4d246dccf5c0535ebe090473c5c4') in 0.027026 seconds
Number of updated asset objects reloaded before import = 0
Number of asset objects unloaded after import = 10
========================================================================
Received Import Request.
  Time since last request: 0.000029 seconds.
  path: Assets/Pandazole_Ultimate_Pack/Pandazole Survival Crafting Pack/Prefabs/Bed_01.prefab
  artifactKey: Guid(a4b7404baf91446489d6e86a82075dbf) Importer(815301076,1909f56bfc062723c751e8b465ee728b)
Start importing Assets/Pandazole_Ultimate_Pack/Pandazole Survival Crafting Pack/Prefabs/Bed_01.prefab using Guid(a4b7404baf91446489d6e86a82075dbf) Importer(815301076,1909f56bfc062723c751e8b465ee728b) [PhysX] Initialized MultithreadedTaskDispatcher with 16 workers.
[PhysX] Initialized MultithreadedTaskDispatcher with 16 workers.
 -> (artifact id: '5efdde075e5368e960d6148df3d2f338') in 0.027246 seconds
Number of updated asset objects reloaded before import = 0
Number of asset objects unloaded after import = 10
========================================================================
Received Import Request.
  Time since last request: 0.000032 seconds.
  path: Assets/Pandazole_Ultimate_Pack/Pandazole Survival Crafting Pack/Prefabs/Battery_02.prefab
  artifactKey: Guid(dc9c54e71fb8f4d488e594f285f68d6c) Importer(815301076,1909f56bfc062723c751e8b465ee728b)
Start importing Assets/Pandazole_Ultimate_Pack/Pandazole Survival Crafting Pack/Prefabs/Battery_02.prefab using Guid(dc9c54e71fb8f4d488e594f285f68d6c) Importer(815301076,1909f56bfc062723c751e8b465ee728b) [PhysX] Initialized MultithreadedTaskDispatcher with 16 workers.
[PhysX] Initialized MultithreadedTaskDispatcher with 16 workers.
 -> (artifact id: '099d45073a0d3cdc08a5a4cf8442d823') in 0.029079 seconds
Number of updated asset objects reloaded before import = 0
Number of asset objects unloaded after import = 10
========================================================================
Received Import Request.
  Time since last request: 0.000029 seconds.
  path: Assets/Pandazole_Ultimate_Pack/Pandazole Survival Crafting Pack/Prefabs/Boat_01.prefab
  artifactKey: Guid(8f2621862728cc242b66fde9a3c0d2b1) Importer(815301076,1909f56bfc062723c751e8b465ee728b)
Start importing Assets/Pandazole_Ultimate_Pack/Pandazole Survival Crafting Pack/Prefabs/Boat_01.prefab using Guid(8f2621862728cc242b66fde9a3c0d2b1) Importer(815301076,1909f56bfc062723c751e8b465ee728b) [PhysX] Initialized MultithreadedTaskDispatcher with 16 workers.
[PhysX] Initialized MultithreadedTaskDispatcher with 16 workers.
 -> (artifact id: '4c5092bbb4363ab373caf7df22720418') in 0.027886 seconds
Number of updated asset objects reloaded before import = 0
Number of asset objects unloaded after import = 10
========================================================================
Received Import Request.
  Time since last request: 0.000036 seconds.
  path: Assets/Pandazole_Ultimate_Pack/Pandazole Survival Crafting Pack/Prefabs/BoneArrow.prefab
  artifactKey: Guid(991efb6acdd31f6468049f97799bea38) Importer(815301076,1909f56bfc062723c751e8b465ee728b)
Start importing Assets/Pandazole_Ultimate_Pack/Pandazole Survival Crafting Pack/Prefabs/BoneArrow.prefab using Guid(991efb6acdd31f6468049f97799bea38) Importer(815301076,1909f56bfc062723c751e8b465ee728b) [PhysX] Initialized MultithreadedTaskDispatcher with 16 workers.
[PhysX] Initialized MultithreadedTaskDispatcher with 16 workers.
 -> (artifact id: '0bbdffb8947489b983942c5979aac2e6') in 0.028706 seconds
Number of updated asset objects reloaded before import = 0
Number of asset objects unloaded after import = 10
========================================================================
Received Import Request.
  Time since last request: 0.000048 seconds.
  path: Assets/Pandazole_Ultimate_Pack/Pandazole Survival Crafting Pack/Prefabs/Bow_01.prefab
  artifactKey: Guid(3007bf4a9099cc34599cde5a117e8b81) Importer(815301076,1909f56bfc062723c751e8b465ee728b)
Start importing Assets/Pandazole_Ultimate_Pack/Pandazole Survival Crafting Pack/Prefabs/Bow_01.prefab using Guid(3007bf4a9099cc34599cde5a117e8b81) Importer(815301076,1909f56bfc062723c751e8b465ee728b) [PhysX] Initialized MultithreadedTaskDispatcher with 16 workers.
[PhysX] Initialized MultithreadedTaskDispatcher with 16 workers.
 -> (artifact id: '0c1db1beb6883fd2d69be16641067123') in 0.027528 seconds
Number of updated asset objects reloaded before import = 0
Number of asset objects unloaded after import = 10
========================================================================
Received Import Request.
  Time since last request: 0.000045 seconds.
  path: Assets/Pandazole_Ultimate_Pack/Pandazole Survival Crafting Pack/Prefabs/BaseballBat_01.prefab
  artifactKey: Guid(d29be6a54b6f49146898017ea976affb) Importer(815301076,1909f56bfc062723c751e8b465ee728b)
Start importing Assets/Pandazole_Ultimate_Pack/Pandazole Survival Crafting Pack/Prefabs/BaseballBat_01.prefab using Guid(d29be6a54b6f49146898017ea976affb) Importer(815301076,1909f56bfc062723c751e8b465ee728b) [PhysX] Initialized MultithreadedTaskDispatcher with 16 workers.
[PhysX] Initialized MultithreadedTaskDispatcher with 16 workers.
 -> (artifact id: '5484b5accbee86484a5b4b4e56aa4b92') in 0.029598 seconds
Number of updated asset objects reloaded before import = 0
Number of asset objects unloaded after import = 10
========================================================================
Received Import Request.
  Time since last request: 0.000049 seconds.
  path: Assets/Pandazole_Ultimate_Pack/Pandazole Survival Crafting Pack/Prefabs/CannedFood_02.prefab
  artifactKey: Guid(da840f8de93098c458b7604bbcf97246) Importer(815301076,1909f56bfc062723c751e8b465ee728b)
Start importing Assets/Pandazole_Ultimate_Pack/Pandazole Survival Crafting Pack/Prefabs/CannedFood_02.prefab using Guid(da840f8de93098c458b7604bbcf97246) Importer(815301076,1909f56bfc062723c751e8b465ee728b) [PhysX] Initialized MultithreadedTaskDispatcher with 16 workers.
[PhysX] Initialized MultithreadedTaskDispatcher with 16 workers.
 -> (artifact id: 'e16e23bae20420b29dacc7e08f80bacd') in 0.029070 seconds
Number of updated asset objects reloaded before import = 0
Number of asset objects unloaded after import = 10
========================================================================
Received Import Request.
  Time since last request: 0.000039 seconds.
  path: Assets/Pandazole_Ultimate_Pack/Pandazole Survival Crafting Pack/Prefabs/CannedFood_04.prefab
  artifactKey: Guid(9c39d39287221a44e8980fd5c2f12e16) Importer(815301076,1909f56bfc062723c751e8b465ee728b)
Start importing Assets/Pandazole_Ultimate_Pack/Pandazole Survival Crafting Pack/Prefabs/CannedFood_04.prefab using Guid(9c39d39287221a44e8980fd5c2f12e16) Importer(815301076,1909f56bfc062723c751e8b465ee728b) [PhysX] Initialized MultithreadedTaskDispatcher with 16 workers.
[PhysX] Initialized MultithreadedTaskDispatcher with 16 workers.
 -> (artifact id: '108bc681a761684678fffeac16680c4d') in 0.026426 seconds
Number of updated asset objects reloaded before import = 0
Number of asset objects unloaded after import = 10
========================================================================
Received Import Request.
  Time since last request: 1.313984 seconds.
  path: Assets/Pandazole_Ultimate_Pack/Pandazole Survival Crafting Pack/Models/Map_01.fbx
  artifactKey: Guid(bf832a455d7179f40a3d1a6bf5cc06ac) Importer(815301076,1909f56bfc062723c751e8b465ee728b)
Start importing Assets/Pandazole_Ultimate_Pack/Pandazole Survival Crafting Pack/Models/Map_01.fbx using Guid(bf832a455d7179f40a3d1a6bf5cc06ac) Importer(815301076,1909f56bfc062723c751e8b465ee728b) [PhysX] Initialized MultithreadedTaskDispatcher with 16 workers.
[PhysX] Initialized MultithreadedTaskDispatcher with 16 workers.
[PhysX] Initialized MultithreadedTaskDispatcher with 16 workers.
 -> (artifact id: 'e24aca1488a62de0c4ff9284c08e49a7') in 0.033549 seconds
Number of updated asset objects reloaded before import = 0
Number of asset objects unloaded after import = 9
========================================================================
Received Import Request.
  Time since last request: 0.000023 seconds.
  path: Assets/Pandazole_Ultimate_Pack/Pandazole Survival Crafting Pack/Models/Midicine_03.fbx
  artifactKey: Guid(6565fbc3556d59e4082bd66a8ba7177f) Importer(815301076,1909f56bfc062723c751e8b465ee728b)
Start importing Assets/Pandazole_Ultimate_Pack/Pandazole Survival Crafting Pack/Models/Midicine_03.fbx using Guid(6565fbc3556d59e4082bd66a8ba7177f) Importer(815301076,1909f56bfc062723c751e8b465ee728b) [PhysX] Initialized MultithreadedTaskDispatcher with 16 workers.
[PhysX] Initialized MultithreadedTaskDispatcher with 16 workers.
[PhysX] Initialized MultithreadedTaskDispatcher with 16 workers.
 -> (artifact id: '2f18d23610a8db598bf7a8e03b58a3d6') in 0.028765 seconds
Number of updated asset objects reloaded before import = 0
Number of asset objects unloaded after import = 9
========================================================================
Received Import Request.
  Time since last request: 0.000082 seconds.
  path: Assets/Pandazole_Ultimate_Pack/Pandazole Survival Crafting Pack/Models/Nails.fbx
  artifactKey: Guid(bdbf4ac4b7acd9f4d8d600b619ddf357) Importer(815301076,1909f56bfc062723c751e8b465ee728b)
Start importing Assets/Pandazole_Ultimate_Pack/Pandazole Survival Crafting Pack/Models/Nails.fbx using Guid(bdbf4ac4b7acd9f4d8d600b619ddf357) Importer(815301076,1909f56bfc062723c751e8b465ee728b) [PhysX] Initialized MultithreadedTaskDispatcher with 16 workers.
[PhysX] Initialized MultithreadedTaskDispatcher with 16 workers.
[PhysX] Initialized MultithreadedTaskDispatcher with 16 workers.
 -> (artifact id: 'aba5a5ec1b3321e3d0c8c3a14799a8a3') in 0.037329 seconds
Number of updated asset objects reloaded before import = 0
Number of asset objects unloaded after import = 9
========================================================================
Received Import Request.
  Time since last request: 0.000023 seconds.
  path: Assets/Pandazole_Ultimate_Pack/Pandazole Survival Crafting Pack/Models/OilBarrel_01.fbx
  artifactKey: Guid(ad37f509b25938048be84f9c70d13957) Importer(815301076,1909f56bfc062723c751e8b465ee728b)
Start importing Assets/Pandazole_Ultimate_Pack/Pandazole Survival Crafting Pack/Models/OilBarrel_01.fbx using Guid(ad37f509b25938048be84f9c70d13957) Importer(815301076,1909f56bfc062723c751e8b465ee728b) [PhysX] Initialized MultithreadedTaskDispatcher with 16 workers.
[PhysX] Initialized MultithreadedTaskDispatcher with 16 workers.
[PhysX] Initialized MultithreadedTaskDispatcher with 16 workers.
 -> (artifact id: '8a122c714a0486742d539f2d2026ac1c') in 0.033531 seconds
Number of updated asset objects reloaded before import = 0
Number of asset objects unloaded after import = 9
========================================================================
Received Import Request.
  Time since last request: 0.000034 seconds.
  path: Assets/Pandazole_Ultimate_Pack/Pandazole Survival Crafting Pack/Models/Paddle_02.fbx
  artifactKey: Guid(747017a22105ac8418910d3d1da0cd2d) Importer(815301076,1909f56bfc062723c751e8b465ee728b)
Start importing Assets/Pandazole_Ultimate_Pack/Pandazole Survival Crafting Pack/Models/Paddle_02.fbx using Guid(747017a22105ac8418910d3d1da0cd2d) Importer(815301076,1909f56bfc062723c751e8b465ee728b) [PhysX] Initialized MultithreadedTaskDispatcher with 16 workers.
[PhysX] Initialized MultithreadedTaskDispatcher with 16 workers.
[PhysX] Initialized MultithreadedTaskDispatcher with 16 workers.
 -> (artifact id: '7d3329638ed8d1eec9b0d7c3e11a90e7') in 0.033586 seconds
Number of updated asset objects reloaded before import = 0
Number of asset objects unloaded after import = 9
========================================================================
Received Import Request.
  Time since last request: 0.000027 seconds.
  path: Assets/Pandazole_Ultimate_Pack/Pandazole Survival Crafting Pack/Models/OilBarrel_02.fbx
  artifactKey: Guid(5958f00e3993e944a9fbcfe197360543) Importer(815301076,1909f56bfc062723c751e8b465ee728b)
Start importing Assets/Pandazole_Ultimate_Pack/Pandazole Survival Crafting Pack/Models/OilBarrel_02.fbx using Guid(5958f00e3993e944a9fbcfe197360543) Importer(815301076,1909f56bfc062723c751e8b465ee728b) [PhysX] Initialized MultithreadedTaskDispatcher with 16 workers.
[PhysX] Initialized MultithreadedTaskDispatcher with 16 workers.
[PhysX] Initialized MultithreadedTaskDispatcher with 16 workers.
 -> (artifact id: 'e40f9cd6f1edb499346019b69e592f2d') in 0.049409 seconds
Number of updated asset objects reloaded before import = 0
Number of asset objects unloaded after import = 9
========================================================================
Received Import Request.
  Time since last request: 0.000023 seconds.
  path: Assets/Pandazole_Ultimate_Pack/Pandazole Survival Crafting Pack/Models/MidKit_02.fbx
  artifactKey: Guid(feb807c51a38e9143a29abf9e82a4199) Importer(815301076,1909f56bfc062723c751e8b465ee728b)
Start importing Assets/Pandazole_Ultimate_Pack/Pandazole Survival Crafting Pack/Models/MidKit_02.fbx using Guid(feb807c51a38e9143a29abf9e82a4199) Importer(815301076,1909f56bfc062723c751e8b465ee728b) [PhysX] Initialized MultithreadedTaskDispatcher with 16 workers.
[PhysX] Initialized MultithreadedTaskDispatcher with 16 workers.
[PhysX] Initialized MultithreadedTaskDispatcher with 16 workers.
[PhysX] Initialized MultithreadedTaskDispatcher with 16 workers.
[PhysX] Initialized MultithreadedTaskDispatcher with 16 workers.
 -> (artifact id: '0e890516fb98f86b83ace3ce49d6f3b6') in 0.079731 seconds
Number of updated asset objects reloaded before import = 0
Number of asset objects unloaded after import = 14
========================================================================
Received Import Request.
  Time since last request: 0.000027 seconds.
  path: Assets/Pandazole_Ultimate_Pack/Pandazole Survival Crafting Pack/Models/Mushroom_04.fbx
  artifactKey: Guid(6187221ec4bd80b488176e42f903ff10) Importer(815301076,1909f56bfc062723c751e8b465ee728b)
Start importing Assets/Pandazole_Ultimate_Pack/Pandazole Survival Crafting Pack/Models/Mushroom_04.fbx using Guid(6187221ec4bd80b488176e42f903ff10) Importer(815301076,1909f56bfc062723c751e8b465ee728b) [PhysX] Initialized MultithreadedTaskDispatcher with 16 workers.
[PhysX] Initialized MultithreadedTaskDispatcher with 16 workers.
[PhysX] Initialized MultithreadedTaskDispatcher with 16 workers.
 -> (artifact id: '3fee9e8bec4e5a12fc353681ce08300c') in 0.029683 seconds
Number of updated asset objects reloaded before import = 0
Number of asset objects unloaded after import = 9
========================================================================
Received Import Request.
  Time since last request: 0.000041 seconds.
  path: Assets/Pandazole_Ultimate_Pack/Pandazole Survival Crafting Pack/Models/Pot_01.fbx
  artifactKey: Guid(4a6f634c3de78324dba2471b43eabe5c) Importer(815301076,1909f56bfc062723c751e8b465ee728b)
Start importing Assets/Pandazole_Ultimate_Pack/Pandazole Survival Crafting Pack/Models/Pot_01.fbx using Guid(4a6f634c3de78324dba2471b43eabe5c) Importer(815301076,1909f56bfc062723c751e8b465ee728b) [PhysX] Initialized MultithreadedTaskDispatcher with 16 workers.
[PhysX] Initialized MultithreadedTaskDispatcher with 16 workers.
[PhysX] Initialized MultithreadedTaskDispatcher with 16 workers.
 -> (artifact id: 'b12ea6e77326460f254c4c5e1af1dfde') in 0.032221 seconds
Number of updated asset objects reloaded before import = 0
Number of asset objects unloaded after import = 9
========================================================================
Received Import Request.
  Time since last request: 0.344990 seconds.
  path: Assets/Pandazole_Ultimate_Pack/Pandazole Survival Crafting Pack/Models/Rock_02.fbx
  artifactKey: Guid(c95eb9449392f064f908d249c6f11a0e) Importer(815301076,1909f56bfc062723c751e8b465ee728b)
Start importing Assets/Pandazole_Ultimate_Pack/Pandazole Survival Crafting Pack/Models/Rock_02.fbx using Guid(c95eb9449392f064f908d249c6f11a0e) Importer(815301076,1909f56bfc062723c751e8b465ee728b) [PhysX] Initialized MultithreadedTaskDispatcher with 16 workers.
[PhysX] Initialized MultithreadedTaskDispatcher with 16 workers.
[PhysX] Initialized MultithreadedTaskDispatcher with 16 workers.
 -> (artifact id: '658a3e33264c46f2b081d73c5bd98634') in 0.031875 seconds
Number of updated asset objects reloaded before import = 0
Number of asset objects unloaded after import = 9
========================================================================
Received Import Request.
  Time since last request: 0.000041 seconds.
  path: Assets/Pandazole_Ultimate_Pack/Pandazole Survival Crafting Pack/Models/Screwdriver_01.fbx
  artifactKey: Guid(7e4fea2d5617f0640aefa98d63c4a196) Importer(815301076,1909f56bfc062723c751e8b465ee728b)
Start importing Assets/Pandazole_Ultimate_Pack/Pandazole Survival Crafting Pack/Models/Screwdriver_01.fbx using Guid(7e4fea2d5617f0640aefa98d63c4a196) Importer(815301076,1909f56bfc062723c751e8b465ee728b) [PhysX] Initialized MultithreadedTaskDispatcher with 16 workers.
[PhysX] Initialized MultithreadedTaskDispatcher with 16 workers.
[PhysX] Initialized MultithreadedTaskDispatcher with 16 workers.
 -> (artifact id: '0576c4698f99e8d9a6d99a15ea34762c') in 0.037286 seconds
Number of updated asset objects reloaded before import = 0
Number of asset objects unloaded after import = 9
========================================================================
Received Import Request.
  Time since last request: 0.000071 seconds.
  path: Assets/Pandazole_Ultimate_Pack/Pandazole Survival Crafting Pack/Models/Scissor.fbx
  artifactKey: Guid(5a7632e083d88694a9211d651d64ec39) Importer(815301076,1909f56bfc062723c751e8b465ee728b)
Start importing Assets/Pandazole_Ultimate_Pack/Pandazole Survival Crafting Pack/Models/Scissor.fbx using Guid(5a7632e083d88694a9211d651d64ec39) Importer(815301076,1909f56bfc062723c751e8b465ee728b) [PhysX] Initialized MultithreadedTaskDispatcher with 16 workers.
[PhysX] Initialized MultithreadedTaskDispatcher with 16 workers.
[PhysX] Initialized MultithreadedTaskDispatcher with 16 workers.
[PhysX] Initialized MultithreadedTaskDispatcher with 16 workers.
[PhysX] Initialized MultithreadedTaskDispatcher with 16 workers.
 -> (artifact id: 'fd042dd351eb49041aef87efb5f71178') in 0.046804 seconds
Number of updated asset objects reloaded before import = 0
Number of asset objects unloaded after import = 14
========================================================================
Received Import Request.
  Time since last request: 0.000112 seconds.
  path: Assets/Pandazole_Ultimate_Pack/Pandazole Survival Crafting Pack/Models/SkullHammer.fbx
  artifactKey: Guid(22722e14e98e9ae4bb5c68acb8cef037) Importer(815301076,1909f56bfc062723c751e8b465ee728b)
Start importing Assets/Pandazole_Ultimate_Pack/Pandazole Survival Crafting Pack/Models/SkullHammer.fbx using Guid(22722e14e98e9ae4bb5c68acb8cef037) Importer(815301076,1909f56bfc062723c751e8b465ee728b) [PhysX] Initialized MultithreadedTaskDispatcher with 16 workers.
[PhysX] Initialized MultithreadedTaskDispatcher with 16 workers.
[PhysX] Initialized MultithreadedTaskDispatcher with 16 workers.
 -> (artifact id: '79a22d36feaa8cc747dd5ddbf552615a') in 0.031188 seconds
Number of updated asset objects reloaded before import = 0
Number of asset objects unloaded after import = 9
========================================================================
Received Import Request.
  Time since last request: 0.000030 seconds.
  path: Assets/Pandazole_Ultimate_Pack/Pandazole Survival Crafting Pack/Models/ShotgunAmmo.fbx
  artifactKey: Guid(098b5f0bfd0d3f94aa582ca4e8d242ae) Importer(815301076,1909f56bfc062723c751e8b465ee728b)
Start importing Assets/Pandazole_Ultimate_Pack/Pandazole Survival Crafting Pack/Models/ShotgunAmmo.fbx using Guid(098b5f0bfd0d3f94aa582ca4e8d242ae) Importer(815301076,1909f56bfc062723c751e8b465ee728b) [PhysX] Initialized MultithreadedTaskDispatcher with 16 workers.
[PhysX] Initialized MultithreadedTaskDispatcher with 16 workers.
[PhysX] Initialized MultithreadedTaskDispatcher with 16 workers.
 -> (artifact id: '63ffba8b4cbe0d7eeafa4db4656a19bb') in 0.031992 seconds
Number of updated asset objects reloaded before import = 0
Number of asset objects unloaded after import = 9
========================================================================
Received Import Request.
  Time since last request: 0.560744 seconds.
  path: Assets/Pandazole_Ultimate_Pack/Pandazole Survival Crafting Pack/Models/Tent_02.fbx
  artifactKey: Guid(b37b1db36bfbbac4e862c216e8751370) Importer(815301076,1909f56bfc062723c751e8b465ee728b)
Start importing Assets/Pandazole_Ultimate_Pack/Pandazole Survival Crafting Pack/Models/Tent_02.fbx using Guid(b37b1db36bfbbac4e862c216e8751370) Importer(815301076,1909f56bfc062723c751e8b465ee728b) [PhysX] Initialized MultithreadedTaskDispatcher with 16 workers.
[PhysX] Initialized MultithreadedTaskDispatcher with 16 workers.
[PhysX] Initialized MultithreadedTaskDispatcher with 16 workers.
 -> (artifact id: '69040ba3b74f876c611921638ff4d564') in 0.040177 seconds
Number of updated asset objects reloaded before import = 0
Number of asset objects unloaded after import = 9
========================================================================
Received Import Request.
  Time since last request: 0.000029 seconds.
  path: Assets/Pandazole_Ultimate_Pack/Pandazole Survival Crafting Pack/Models/WaterBottle_01.fbx
  artifactKey: Guid(d729c5548f17cfb40b723be26ad5a0c7) Importer(815301076,1909f56bfc062723c751e8b465ee728b)
Start importing Assets/Pandazole_Ultimate_Pack/Pandazole Survival Crafting Pack/Models/WaterBottle_01.fbx using Guid(d729c5548f17cfb40b723be26ad5a0c7) Importer(815301076,1909f56bfc062723c751e8b465ee728b) [PhysX] Initialized MultithreadedTaskDispatcher with 16 workers.
[PhysX] Initialized MultithreadedTaskDispatcher with 16 workers.
[PhysX] Initialized MultithreadedTaskDispatcher with 16 workers.
 -> (artifact id: 'e15c6fa6d32c1eacadc0b3cdc3f26716') in 0.036269 seconds
Number of updated asset objects reloaded before import = 0
Number of asset objects unloaded after import = 9
========================================================================
Received Import Request.
  Time since last request: 0.000210 seconds.
  path: Assets/Pandazole_Ultimate_Pack/Pandazole Survival Crafting Pack/Models/WoodLog_02.fbx
  artifactKey: Guid(966296b4b8c94c54b82e84f7888c4f73) Importer(815301076,1909f56bfc062723c751e8b465ee728b)
Start importing Assets/Pandazole_Ultimate_Pack/Pandazole Survival Crafting Pack/Models/WoodLog_02.fbx using Guid(966296b4b8c94c54b82e84f7888c4f73) Importer(815301076,1909f56bfc062723c751e8b465ee728b) [PhysX] Initialized MultithreadedTaskDispatcher with 16 workers.
[PhysX] Initialized MultithreadedTaskDispatcher with 16 workers.
[PhysX] Initialized MultithreadedTaskDispatcher with 16 workers.
 -> (artifact id: '447660a6b160d57efe91f8b612aa0328') in 0.034682 seconds
Number of updated asset objects reloaded before import = 0
Number of asset objects unloaded after import = 9
========================================================================
Received Import Request.
  Time since last request: 0.000177 seconds.
  path: Assets/Pandazole_Ultimate_Pack/Pandazole Survival Crafting Pack/Models/WoodStick_02.fbx
  artifactKey: Guid(61a117646eeebaf4889cfe66ee0455bb) Importer(815301076,1909f56bfc062723c751e8b465ee728b)
Start importing Assets/Pandazole_Ultimate_Pack/Pandazole Survival Crafting Pack/Models/WoodStick_02.fbx using Guid(61a117646eeebaf4889cfe66ee0455bb) Importer(815301076,1909f56bfc062723c751e8b465ee728b) [PhysX] Initialized MultithreadedTaskDispatcher with 16 workers.
[PhysX] Initialized MultithreadedTaskDispatcher with 16 workers.
[PhysX] Initialized MultithreadedTaskDispatcher with 16 workers.
 -> (artifact id: '597f35c3e486d05ffcfc3852d00886e3') in 0.034582 seconds
Number of updated asset objects reloaded before import = 0
Number of asset objects unloaded after import = 9
Editor requested this worker to shutdown with reason: Scaling down because of idle timeout
TcpMessagingSession - receive error: operation aborted. errorcode: 995, details: The I/O operation has been aborted because of either a thread exit or an application request.
AssetImportWorker is now disconnected from the server
Process exiting
Exiting without the bug reporter. Application will terminate with return code 0